Component: ARM Compiler 6.15 Tool: armlink [5dd79300]

==============================================================================

Section Cross References

    startup_stm32g474xx.o(RESET) refers to startup_stm32g474xx.o(STACK) for __initial_sp
    startup_stm32g474xx.o(RESET) refers to startup_stm32g474xx.o(.text) for Reset_Handler
    startup_stm32g474xx.o(RESET) refers to stm32g4xx_it.o(.text.NMI_Handler) for NMI_Handler
    startup_stm32g474xx.o(RESET) refers to stm32g4xx_it.o(.text.HardFault_Handler) for HardFault_Handler
    startup_stm32g474xx.o(RESET) refers to stm32g4xx_it.o(.text.MemManage_Handler) for MemManage_Handler
    startup_stm32g474xx.o(RESET) refers to stm32g4xx_it.o(.text.BusFault_Handler) for BusFault_Handler
    startup_stm32g474xx.o(RESET) refers to stm32g4xx_it.o(.text.UsageFault_Handler) for UsageFault_Handler
    startup_stm32g474xx.o(RESET) refers to stm32g4xx_it.o(.text.SVC_Handler) for SVC_Handler
    startup_stm32g474xx.o(RESET) refers to stm32g4xx_it.o(.text.DebugMon_Handler) for DebugMon_Handler
    startup_stm32g474xx.o(RESET) refers to stm32g4xx_it.o(.text.PendSV_Handler) for PendSV_Handler
    startup_stm32g474xx.o(RESET) refers to stm32g4xx_it.o(.text.SysTick_Handler) for SysTick_Handler
    startup_stm32g474xx.o(RESET) refers to stm32g4xx_it.o(.text.EXTI0_IRQHandler) for EXTI0_IRQHandler
    startup_stm32g474xx.o(RESET) refers to stm32g4xx_it.o(.text.EXTI1_IRQHandler) for EXTI1_IRQHandler
    startup_stm32g474xx.o(RESET) refers to stm32g4xx_it.o(.text.EXTI2_IRQHandler) for EXTI2_IRQHandler
    startup_stm32g474xx.o(RESET) refers to stm32g4xx_it.o(.text.EXTI3_IRQHandler) for EXTI3_IRQHandler
    startup_stm32g474xx.o(RESET) refers to stm32g4xx_it.o(.text.DMA1_Channel1_IRQHandler) for DMA1_Channel1_IRQHandler
    startup_stm32g474xx.o(RESET) refers to stm32g4xx_it.o(.text.DMA1_Channel2_IRQHandler) for DMA1_Channel2_IRQHandler
    startup_stm32g474xx.o(RESET) refers to stm32g4xx_it.o(.text.DMA1_Channel3_IRQHandler) for DMA1_Channel3_IRQHandler
    startup_stm32g474xx.o(RESET) refers to stm32g4xx_it.o(.text.ADC1_2_IRQHandler) for ADC1_2_IRQHandler
    startup_stm32g474xx.o(RESET) refers to stm32g4xx_it.o(.text.USART1_IRQHandler) for USART1_IRQHandler
    startup_stm32g474xx.o(RESET) refers to stm32g4xx_it.o(.text.USART3_IRQHandler) for USART3_IRQHandler
    startup_stm32g474xx.o(.text) refers to system_stm32g4xx.o(.text.SystemInit) for SystemInit
    startup_stm32g474xx.o(.text) refers to entry.o(.ARM.Collect$$$$00000000) for __main
    gpio_ex.o(.text.HAL_GPIO_EXTI_Callback) refers to main.o(.data.Run_Flag) for Run_Flag
    gpio_ex.o(.text.HAL_GPIO_EXTI_Callback) refers to stm32g4xx_hal_gpio.o(.text.HAL_GPIO_TogglePin) for HAL_GPIO_TogglePin
    gpio_ex.o(.text.HAL_GPIO_EXTI_Callback) refers to usart.o(.text.myprintf) for myprintf
    gpio_ex.o(.text.HAL_GPIO_EXTI_Callback) refers to gpio_ex.o(.text.LL_HRTIM_EnableOutput) for LL_HRTIM_EnableOutput
    gpio_ex.o(.text.HAL_GPIO_EXTI_Callback) refers to foc.o(.bss.speedRef) for speedRef
    gpio_ex.o(.text.HAL_GPIO_EXTI_Callback) refers to gpio_ex.o(.text.LL_HRTIM_DisableOutput) for LL_HRTIM_DisableOutput
    gpio_ex.o(.ARM.exidx.text.HAL_GPIO_EXTI_Callback) refers to gpio_ex.o(.text.HAL_GPIO_EXTI_Callback) for [Anonymous Symbol]
    gpio_ex.o(.ARM.exidx.text.LL_HRTIM_DisableOutput) refers to gpio_ex.o(.text.LL_HRTIM_DisableOutput) for [Anonymous Symbol]
    gpio_ex.o(.ARM.exidx.text.LL_HRTIM_EnableOutput) refers to gpio_ex.o(.text.LL_HRTIM_EnableOutput) for [Anonymous Symbol]
    serial.o(.ARM.exidx.text.HAL_UARTEx_RxEventCallback) refers to serial.o(.text.HAL_UARTEx_RxEventCallback) for [Anonymous Symbol]
    hft.o(.text.ADC_High_Freq_Task) refers to encoder.o(.text.sendEncoderCmd) for sendEncoderCmd
    hft.o(.text.ADC_High_Freq_Task) refers to hft.o(.data.offsetFlag) for offsetFlag
    hft.o(.text.ADC_High_Freq_Task) refers to bsp_adc.o(.bss.adcRawData_Handler) for adcRawData_Handler
    hft.o(.text.ADC_High_Freq_Task) refers to bsp_adc.o(.text.ADC_Zero_Offset) for ADC_Zero_Offset
    hft.o(.text.ADC_High_Freq_Task) refers to hft.o(.bss.lft_Flag) for lft_Flag
    hft.o(.text.ADC_High_Freq_Task) refers to hft.o(.text.LL_GPIO_SetOutputPin) for LL_GPIO_SetOutputPin
    hft.o(.text.ADC_High_Freq_Task) refers to if_statemachine.o(.bss.state_Handler) for state_Handler
    hft.o(.text.ADC_High_Freq_Task) refers to if_statemachine.o(.bss.IF_output_Handler) for IF_output_Handler
    hft.o(.text.ADC_High_Freq_Task) refers to if_statemachine.o(.bss.IF_input_Handler) for IF_input_Handler
    hft.o(.text.ADC_High_Freq_Task) refers to if_statemachine.o(.text.IF_StateMachine) for IF_StateMachine
    hft.o(.text.ADC_High_Freq_Task) refers to encoder.o(.bss.encoder_Handler) for encoder_Handler
    hft.o(.text.ADC_High_Freq_Task) refers to mc_lib.o(.bss.SC_handler) for SC_handler
[...]
    __rt_final_exit                          0x080001e9   Thumb Code     0  entry11a.o(.ARM.Collect$$$$0000000F)
    Reset_Handler                            0x080001ed   Thumb Code     8  startup_stm32g474xx.o(.text)
    ADC3_IRQHandler                          0x08000207   Thumb Code     0  startup_stm32g474xx.o(.text)
    ADC4_IRQHandler                          0x08000207   Thumb Code     0  startup_stm32g474xx.o(.text)
    ADC5_IRQHandler                          0x08000207   Thumb Code     0  startup_stm32g474xx.o(.text)
    COMP1_2_3_IRQHandler                     0x08000207   Thumb Code     0  startup_stm32g474xx.o(.text)
    COMP4_5_6_IRQHandler                     0x08000207   Thumb Code     0  startup_stm32g474xx.o(.text)
    COMP7_IRQHandler                         0x08000207   Thumb Code     0  startup_stm32g474xx.o(.text)
    CORDIC_IRQHandler                        0x08000207   Thumb Code     0  startup_stm32g474xx.o(.text)
    CRS_IRQHandler                           0x08000207   Thumb Code     0  startup_stm32g474xx.o(.text)
    DMA1_Channel4_IRQHandler                 0x08000207   Thumb Code     0  startup_stm32g474xx.o(.text)
    DMA1_Channel5_IRQHandler                 0x08000207   Thumb Code     0  startup_stm32g474xx.o(.text)
    DMA1_Channel6_IRQHandler                 0x08000207   Thumb Code     0  startup_stm32g474xx.o(.text)
    DMA1_Channel7_IRQHandler                 0x08000207   Thumb Code     0  startup_stm32g474xx.o(.text)
    DMA1_Channel8_IRQHandler                 0x08000207   Thumb Code     0  startup_stm32g474xx.o(.text)
    DMA2_Channel1_IRQHandler                 0x08000207   Thumb Code     0  startup_stm32g474xx.o(.text)
    DMA2_Channel2_IRQHandler                 0x08000207   Thumb Code     0  startup_stm32g474xx.o(.text)
    DMA2_Channel3_IRQHandler                 0x08000207   Thumb Code     0  startup_stm32g474xx.o(.text)
    DMA2_Channel4_IRQHandler                 0x08000207   Thumb Code     0  startup_stm32g474xx.o(.text)
    DMA2_Channel5_IRQHandler                 0x08000207   Thumb Code     0  startup_stm32g474xx.o(.text)
    DMA2_Channel6_IRQHandler                 0x08000207   Thumb Code     0  startup_stm32g474xx.o(.text)
    DMA2_Channel7_IRQHandler                 0x08000207   Thumb Code     0  startup_stm32g474xx.o(.text)
    DMA2_Channel8_IRQHandler                 0x08000207   Thumb Code     0  startup_stm32g474xx.o(.text)
    DMAMUX_OVR_IRQHandler                    0x08000207   Thumb Code     0  startup_stm32g474xx.o(.text)
    EXTI15_10_IRQHandler                     0x08000207   Thumb Code     0  startup_stm32g474xx.o(.text)
    EXTI4_IRQHandler                         0x08000207   Thumb Code     0  startup_stm32g474xx.o(.text)
    EXTI9_5_IRQHandler                       0x08000207   Thumb Code     0  startup_stm32g474xx.o(.text)
    FDCAN1_IT0_IRQHandler                    0x08000207   Thumb Code     0  startup_stm32g474xx.o(.text)
    FDCAN1_IT1_IRQHandler                    0x08000207   Thumb Code     0  startup_stm32g474xx.o(.text)
    FDCAN2_IT0_IRQHandler                    0x08000207   Thumb Code     0  startup_stm32g474xx.o(.text)
    FDCAN2_IT1_IRQHandler                    0x08000207   Thumb Code     0  startup_stm32g474xx.o(.text)
    FDCAN3_IT0_IRQHandler                    0x08000207   Thumb Code     0  startup_stm32g474xx.o(.text)
    FDCAN3_IT1_IRQHandler                    0x08000207   Thumb Code     0  startup_stm32g474xx.o(.text)
    FLASH_IRQHandler                         0x08000207   Thumb Code     0  startup_stm32g474xx.o(.text)
    FMAC_IRQHandler                          0x08000207   Thumb Code     0  startup_stm32g474xx.o(.text)
    FMC_IRQHandler                           0x08000207   Thumb Code     0  startup_stm32g474xx.o(.text)
    FPU_IRQHandler                           0x08000207   Thumb Code     0  startup_stm32g474xx.o(.text)
    HRTIM1_FLT_IRQHandler                    0x08000207   Thumb Code     0  startup_stm32g474xx.o(.text)
    HRTIM1_Master_IRQHandler                 0x08000207   Thumb Code     0  startup_stm32g474xx.o(.text)
    HRTIM1_TIMA_IRQHandler                   0x08000207   Thumb Code     0  startup_stm32g474xx.o(.text)
    HRTIM1_TIMB_IRQHandler                   0x08000207   Thumb Code     0  startup_stm32g474xx.o(.text)
    HRTIM1_TIMC_IRQHandler                   0x08000207   Thumb Code     0  startup_stm32g474xx.o(.text)
    HRTIM1_TIMD_IRQHandler                   0x08000207   Thumb Code     0  startup_stm32g474xx.o(.text)
    HRTIM1_TIME_IRQHandler                   0x08000207   Thumb Code     0  startup_stm32g474xx.o(.text)
    HRTIM1_TIMF_IRQHandler                   0x08000207   Thumb Code     0  startup_stm32g474xx.o(.text)
    I2C1_ER_IRQHandler                       0x08000207   Thumb Code     0  startup_stm32g474xx.o(.text)
    I2C1_EV_IRQHandler                       0x08000207   Thumb Code     0  startup_stm32g474xx.o(.text)
    I2C2_ER_IRQHandler                       0x08000207   Thumb Code     0  startup_stm32g474xx.o(.text)
    I2C2_EV_IRQHandler                       0x08000207   Thumb Code     0  startup_stm32g474xx.o(.text)
    I2C3_ER_IRQHandler                       0x08000207   Thumb Code     0  startup_stm32g474xx.o(.text)
    I2C3_EV_IRQHandler                       0x08000207   Thumb Code     0  startup_stm32g474xx.o(.text)
    I2C4_ER_IRQHandler                       0x08000207   Thumb Code     0  startup_stm32g474xx.o(.text)
    I2C4_EV_IRQHandler                       0x08000207   Thumb Code     0  startup_stm32g474xx.o(.text)
    LPTIM1_IRQHandler                        0x08000207   Thumb Code     0  startup_stm32g474xx.o(.text)
    LPUART1_IRQHandler                       0x08000207   Thumb Code     0  startup_stm32g474xx.o(.text)
    PVD_PVM_IRQHandler                       0x08000207   Thumb Code     0  startup_stm32g474xx.o(.text)
    QUADSPI_IRQHandler                       0x08000207   Thumb Code     0  startup_stm32g474xx.o(.text)
    RCC_IRQHandler                           0x08000207   Thumb Code     0  startup_stm32g474xx.o(.text)
    RNG_IRQHandler                           0x08000207   Thumb Code     0  startup_stm32g474xx.o(.text)
    RTC_Alarm_IRQHandler                     0x08000207   Thumb Code     0  startup_stm32g474xx.o(.text)
    RTC_TAMP_LSECSS_IRQHandler               0x08000207   Thumb Code     0  startup_stm32g474xx.o(.text)
    RTC_WKUP_IRQHandler                      0x08000207   Thumb Code     0  startup_stm32g474xx.o(.text)
    SAI1_IRQHandler                          0x08000207   Thumb Code     0  startup_stm32g474xx.o(.text)
    SPI1_IRQHandler                          0x08000207   Thumb Code     0  startup_stm32g474xx.o(.text)
    SPI2_IRQHandler                          0x08000207   Thumb Code     0  startup_stm32g474xx.o(.text)
    SPI3_IRQHandler                          0x08000207   Thumb Code     0  startup_stm32g474xx.o(.text)
    SPI4_IRQHandler                          0x08000207   Thumb Code     0  startup_stm32g474xx.o(.text)
    TIM1_BRK_TIM15_IRQHandler                0x08000207   Thumb Code     0  startup_stm32g474xx.o(.text)
    TIM1_CC_IRQHandler                       0x08000207   Thumb Code     0  startup_stm32g474xx.o(.text)
    TIM1_TRG_COM_TIM17_IRQHandler            0x08000207   Thumb Code     0  startup_stm32g474xx.o(.text)
    TIM1_UP_TIM16_IRQHandler                 0x08000207   Thumb Code     0  startup_stm32g474xx.o(.text)
    TIM20_BRK_IRQHandler                     0x08000207   Thumb Code     0  startup_stm32g474xx.o(.text)
    TIM20_CC_IRQHandler                      0x08000207   Thumb Code     0  startup_stm32g474xx.o(.text)
    TIM20_TRG_COM_IRQHandler                 0x08000207   Thumb Code     0  startup_stm32g474xx.o(.text)
    TIM20_UP_IRQHandler                      0x08000207   Thumb Code     0  startup_stm32g474xx.o(.text)
    TIM2_IRQHandler                          0x08000207   Thumb Code     0  startup_stm32g474xx.o(.text)
    TIM3_IRQHandler                          0x08000207   Thumb Code     0  startup_stm32g474xx.o(.text)
    TIM4_IRQHandler                          0x08000207   Thumb Code     0  startup_stm32g474xx.o(.text)
    TIM5_IRQHandler                          0x08000207   Thumb Code     0  startup_stm32g474xx.o(.text)
    TIM6_DAC_IRQHandler                      0x08000207   Thumb Code     0  startup_stm32g474xx.o(.text)
    TIM7_DAC_IRQHandler                      0x08000207   Thumb Code     0  startup_stm32g474xx.o(.text)
    TIM8_BRK_IRQHandler                      0x08000207   Thumb Code     0  startup_stm32g474xx.o(.text)
    TIM8_CC_IRQHandler                       0x08000207   Thumb Code     0  startup_stm32g474xx.o(.text)
    TIM8_TRG_COM_IRQHandler                  0x08000207   Thumb Code     0  startup_stm32g474xx.o(.text)
    TIM8_UP_IRQHandler                       0x08000207   Thumb Code     0  startup_stm32g474xx.o(.text)
    UART4_IRQHandler                         0x08000207   Thumb Code     0  startup_stm32g474xx.o(.text)
    UART5_IRQHandler                         0x08000207   Thumb Code     0  startup_stm32g474xx.o(.text)
    UCPD1_IRQHandler                         0x08000207   Thumb Code     0  startup_stm32g474xx.o(.text)
    USART2_IRQHandler                        0x08000207   Thumb Code     0  startup_stm32g474xx.o(.text)
    USBWakeUp_IRQHandler                     0x08000207   Thumb Code     0  startup_stm32g474xx.o(.text)
    USB_HP_IRQHandler                        0x08000207   Thumb Code     0  startup_stm32g474xx.o(.text)
    USB_LP_IRQHandler                        0x08000207   Thumb Code     0  startup_stm32g474xx.o(.text)
    WWDG_IRQHandler                          0x08000207   Thumb Code     0  startup_stm32g474xx.o(.text)
    __aeabi_uldivmod                         0x08000211   Thumb Code    98  uldiv.o(.text)
    __aeabi_uidiv                            0x08000273   Thumb Code     0  uidiv.o(.text)
    __aeabi_uidivmod                         0x08000273   Thumb Code    44  uidiv.o(.text)
    __aeabi_llsl                             0x0800029f   Thumb Code    30  llshl.o(.text)
    _ll_shift_l                              0x0800029f   Thumb Code     0  llshl.o(.text)
    __aeabi_llsr                             0x080002bd   Thumb Code    32  llushr.o(.text)
    _ll_ushift_r                             0x080002bd   Thumb Code     0  llushr.o(.text)
    __I$use$fp                               0x080002dd   Thumb Code     0  iusefp.o(.text)
    _frem                                    0x080002dd   Thumb Code    82  frem.o(.text)
    __aeabi_dadd                             0x0800032f   Thumb Code   322  dadd.o(.text)
    __aeabi_dsub                             0x08000471   Thumb Code     6  dadd.o(.text)
    __aeabi_drsub                            0x08000477   Thumb Code     6  dadd.o(.text)
    __aeabi_dmul                             0x0800047d   Thumb Code   228  dmul.o(.text)
    __aeabi_ddiv                             0x08000561   Thumb Code   222  ddiv.o(.text)
    __aeabi_d2ulz                            0x0800063f   Thumb Code    48  dfixul.o(.text)
    __aeabi_cdrcmple                         0x08000671   Thumb Code    48  cdrcmple.o(.text)
    __scatterload                            0x080006a1   Thumb Code    28  init.o(.text)
    __scatterload_rt2                        0x080006a1   Thumb Code     0  init.o(.text)
    __aeabi_lasr                             0x080006c5   Thumb Code    36  llsshr.o(.text)
    _ll_sshift_r                             0x080006c5   Thumb Code     0  llsshr.o(.text)
    _float_round                             0x080006e9   Thumb Code    18  fepilogue.o(.text)
    _float_epilogue                          0x080006fb   Thumb Code    92  fepilogue.o(.text)
    _double_round                            0x08000757   Thumb Code    30  depilogue.o(.text)
    _double_epilogue                         0x08000775   Thumb Code   156  depilogue.o(.text)
    ADC1_2_IRQHandler                        0x08000811   Thumb Code    36  stm32g4xx_it.o(.text.ADC1_2_IRQHandler)
    ADC_High_Freq_Task                       0x08000835   Thumb Code   552  hft.o(.text.ADC_High_Freq_Task)
    ADC_Start                                0x08000a5d   Thumb Code   138  adc.o(.text.ADC_Start)
    ADC_Zero_Offset                          0x08000ae9   Thumb Code   210  bsp_adc.o(.text.ADC_Zero_Offset)
    BusFault_Handler                         0x08000bbd   Thumb Code     2  stm32g4xx_it.o(.text.BusFault_Handler)
    DMA1_Channel1_IRQHandler                 0x08000bc1   Thumb Code    16  stm32g4xx_it.o(.text.DMA1_Channel1_IRQHandler)
    DMA1_Channel2_IRQHandler                 0x08000bd1   Thumb Code    16  stm32g4xx_it.o(.text.DMA1_Channel2_IRQHandler)
    DMA1_Channel3_IRQHandler                 0x08000be1   Thumb Code    16  stm32g4xx_it.o(.text.DMA1_Channel3_IRQHandler)
    DebugMon_Handler                         0x08000cad   Thumb Code     2  stm32g4xx_it.o(.text.DebugMon_Handler)
    EXTI0_IRQHandler                         0x08000cb1   Thumb Code    10  stm32g4xx_it.o(.text.EXTI0_IRQHandler)
    EXTI1_IRQHandler                         0x08000cbd   Thumb Code    10  stm32g4xx_it.o(.text.EXTI1_IRQHandler)
    EXTI2_IRQHandler                         0x08000cc9   Thumb Code    10  stm32g4xx_it.o(.text.EXTI2_IRQHandler)
    EXTI3_IRQHandler                         0x08000cd5   Thumb Code    10  stm32g4xx_it.o(.text.EXTI3_IRQHandler)
    Error_Handler                            0x08000ce1   Thumb Code    10  main.o(.text.Error_Handler)
    HAL_DMA_Abort                            0x08000d6d   Thumb Code   110  stm32g4xx_hal_dma.o(.text.HAL_DMA_Abort)
    HAL_DMA_Abort_IT                         0x08000ddd   Thumb Code   122  stm32g4xx_hal_dma.o(.text.HAL_DMA_Abort_IT)
    HAL_DMA_IRQHandler                       0x08000e59   Thumb Code   170  stm32g4xx_hal_dma.o(.text.HAL_DMA_IRQHandler)
    HAL_DMA_Init                             0x08000f05   Thumb Code   216  stm32g4xx_hal_dma.o(.text.HAL_DMA_Init)
    HAL_DMA_Start_IT                         0x08000fdd   Thumb Code   138  stm32g4xx_hal_dma.o(.text.HAL_DMA_Start_IT)
    HAL_FDCAN_Init                           0x08001069   Thumb Code   384  stm32g4xx_hal_fdcan.o(.text.HAL_FDCAN_Init)
    HAL_FDCAN_MspInit                        0x080011e9   Thumb Code   116  fdcan.o(.text.HAL_FDCAN_MspInit)
    HAL_GPIO_EXTI_Callback                   0x0800125d   Thumb Code   300  gpio_ex.o(.text.HAL_GPIO_EXTI_Callback)
    HAL_GPIO_EXTI_IRQHandler                 0x08001389   Thumb Code    26  stm32g4xx_hal_gpio.o(.text.HAL_GPIO_EXTI_IRQHandler)
    HAL_GPIO_Init                            0x080013a5   Thumb Code   414  stm32g4xx_hal_gpio.o(.text.HAL_GPIO_Init)
    HAL_GPIO_TogglePin                       0x08001545   Thumb Code    16  stm32g4xx_hal_gpio.o(.text.HAL_GPIO_TogglePin)
    HAL_GPIO_WritePin                        0x08001555   Thumb Code    12  stm32g4xx_hal_gpio.o(.text.HAL_GPIO_WritePin)
    HAL_GetTick                              0x08001561   Thumb Code    12  stm32g4xx_hal.o(.text.HAL_GetTick)
    HAL_IncTick                              0x0800156d   Thumb Code    26  stm32g4xx_hal.o(.text.HAL_IncTick)
    HAL_Init                                 0x08001589   Thumb Code    30  stm32g4xx_hal.o(.text.HAL_Init)
    HAL_InitTick                             0x080015a9   Thumb Code    86  stm32g4xx_hal.o(.text.HAL_InitTick)
    HAL_MspInit                              0x08001601   Thumb Code    56  stm32g4xx_hal_msp.o(.text.HAL_MspInit)
    HAL_NVIC_EnableIRQ                       0x08001639   Thumb Code     8  stm32g4xx_hal_cortex.o(.text.HAL_NVIC_EnableIRQ)
    HAL_NVIC_SetPriority                     0x08001641   Thumb Code    30  stm32g4xx_hal_cortex.o(.text.HAL_NVIC_SetPriority)
    HAL_NVIC_SetPriorityGrouping             0x08001661   Thumb Code     8  stm32g4xx_hal_cortex.o(.text.HAL_NVIC_SetPriorityGrouping)
    HAL_PWREx_DisableUCPDDeadBattery         0x08001669   Thumb Code    18  stm32g4xx_hal_pwr_ex.o(.text.HAL_PWREx_DisableUCPDDeadBattery)
    HAL_RCC_GetHCLKFreq                      0x0800167d   Thumb Code    12  stm32g4xx_hal_rcc.o(.text.HAL_RCC_GetHCLKFreq)
    HAL_RCC_GetPCLK1Freq                     0x08001689   Thumb Code    38  stm32g4xx_hal_rcc.o(.text.HAL_RCC_GetPCLK1Freq)
    HAL_RCC_GetPCLK2Freq                     0x080016b1   Thumb Code    38  stm32g4xx_hal_rcc.o(.text.HAL_RCC_GetPCLK2Freq)
    HAL_RCC_GetSysClockFreq                  0x080016d9   Thumb Code   122  stm32g4xx_hal_rcc.o(.text.HAL_RCC_GetSysClockFreq)
    HAL_SPI_Init                             0x08001755   Thumb Code   226  stm32g4xx_hal_spi.o(.text.HAL_SPI_Init)
    HAL_SPI_MspInit                          0x08001839   Thumb Code   114  spi.o(.text.HAL_SPI_MspInit)
    HAL_SYSTICK_Config                       0x080018ad   Thumb Code     8  stm32g4xx_hal_cortex.o(.text.HAL_SYSTICK_Config)
    HAL_UARTEx_DisableFifoMode               0x080018b5   Thumb Code    54  stm32g4xx_hal_uart_ex.o(.text.HAL_UARTEx_DisableFifoMode)
    HAL_UARTEx_ReceiveToIdle_DMA             0x080018ed   Thumb Code    86  stm32g4xx_hal_uart_ex.o(.text.HAL_UARTEx_ReceiveToIdle_DMA)
    HAL_UARTEx_RxEventCallback               0x08001945   Thumb Code     2  serial.o(.text.HAL_UARTEx_RxEventCallback)
    HAL_UARTEx_RxFifoFullCallback            0x08001949   Thumb Code     2  stm32g4xx_hal_uart_ex.o(.text.HAL_UARTEx_RxFifoFullCallback)
    HAL_UARTEx_SetRxFifoThreshold            0x0800194d   Thumb Code    74  stm32g4xx_hal_uart_ex.o(.text.HAL_UARTEx_SetRxFifoThreshold)
    HAL_UARTEx_SetTxFifoThreshold            0x08001999   Thumb Code    74  stm32g4xx_hal_uart_ex.o(.text.HAL_UARTEx_SetTxFifoThreshold)
    HAL_UARTEx_TxFifoEmptyCallback           0x080019e5   Thumb Code     2  stm32g4xx_hal_uart_ex.o(.text.HAL_UARTEx_TxFifoEmptyCallback)
    HAL_UARTEx_WakeupCallback                0x080019e9   Thumb Code     2  stm32g4xx_hal_uart_ex.o(.text.HAL_UARTEx_WakeupCallback)
    HAL_UART_ErrorCallback                   0x080019ed   Thumb Code     2  stm32g4xx_hal_uart.o(.text.HAL_UART_ErrorCallback)
    HAL_UART_IRQHandler                      0x080019f1   Thumb Code   778  stm32g4xx_hal_uart.o(.text.HAL_UART_IRQHandler)
    HAL_UART_Init                            0x08001cfd   Thumb Code    98  stm32g4xx_hal_uart.o(.text.HAL_UART_Init)
    HAL_UART_MspInit                         0x08001d61   Thumb Code   472  usart.o(.text.HAL_UART_MspInit)
    HAL_UART_RxCpltCallback                  0x08001f39   Thumb Code     2  stm32g4xx_hal_uart.o(.text.HAL_UART_RxCpltCallback)
    HAL_UART_RxHalfCpltCallback              0x08001f3d   Thumb Code     2  stm32g4xx_hal_uart.o(.text.HAL_UART_RxHalfCpltCallback)
    HAL_UART_Transmit                        0x08001f41   Thumb Code   198  stm32g4xx_hal_uart.o(.text.HAL_UART_Transmit)
    HAL_UART_Transmit_DMA                    0x08002009   Thumb Code   144  stm32g4xx_hal_uart.o(.text.HAL_UART_Transmit_DMA)
    HAL_UART_TxCpltCallback                  0x08002099   Thumb Code    30  usart.o(.text.HAL_UART_TxCpltCallback)
    HAL_UART_TxHalfCpltCallback              0x080020b9   Thumb Code     2  stm32g4xx_hal_uart.o(.text.HAL_UART_TxHalfCpltCallback)
    HRTIM_Start                              0x080020bd   Thumb Code     8  hrtim.o(.text.HRTIM_Start)
    HardFault_Handler                        0x080020c5   Thumb Code     2  stm32g4xx_it.o(.text.HardFault_Handler)
    IF_StateMachine                          0x080020c9   Thumb Code   416  if_statemachine.o(.text.IF_StateMachine)
    LL_ADC_CommonInit                        0x0800227d   Thumb Code   132  stm32g4xx_ll_adc.o(.text.LL_ADC_CommonInit)
    LL_ADC_INJ_Init                          0x0800235d   Thumb Code    64  stm32g4xx_ll_adc.o(.text.LL_ADC_INJ_Init)
    LL_ADC_Init                              0x080023f1   Thumb Code    42  stm32g4xx_ll_adc.o(.text.LL_ADC_Init)
    LL_ADC_REG_Init                          0x08002441   Thumb Code    70  stm32g4xx_ll_adc.o(.text.LL_ADC_REG_Init)
    LL_DAC_Init                              0x0800270d   Thumb Code   188  stm32g4xx_ll_dac.o(.text.LL_DAC_Init)
    LL_GPIO_Init                             0x08002825   Thumb Code   136  stm32g4xx_ll_gpio.o(.text.LL_GPIO_Init)
    LL_I2C_Init                              0x0800341d   Thumb Code    80  stm32g4xx_ll_i2c.o(.text.LL_I2C_Init)
    LL_SetSystemCoreClock                    0x08003629   Thumb Code    12  stm32g4xx_ll_utils.o(.text.LL_SetSystemCoreClock)
    LL_TIM_Init                              0x080036e1   Thumb Code   318  stm32g4xx_ll_tim.o(.text.LL_TIM_Init)
    LL_TIM_OC_Init                           0x08003835   Thumb Code   116  stm32g4xx_ll_tim.o(.text.LL_TIM_OC_Init)
    MX_ADC1_Init                             0x08003939   Thumb Code   612  adc.o(.text.MX_ADC1_Init)
    MX_ADC2_Init                             0x08003b9d   Thumb Code   480  adc.o(.text.MX_ADC2_Init)
    MX_CORDIC_Init                           0x08003d7d   Thumb Code     8  cordic.o(.text.MX_CORDIC_Init)
    MX_DAC1_Init                             0x08003d85   Thumb Code   118  dac.o(.text.MX_DAC1_Init)
    MX_DMA_Init                              0x08003dfd   Thumb Code    64  dma.o(.text.MX_DMA_Init)
    MX_FDCAN3_Init                           0x08003e3d   Thumb Code    76  fdcan.o(.text.MX_FDCAN3_Init)
    MX_GPIO_Init                             0x08003e89   Thumb Code   362  gpio.o(.text.MX_GPIO_Init)
    MX_HRTIM1_Init                           0x08003ff5   Thumb Code  1560  hrtim.o(.text.MX_HRTIM1_Init)
    MX_I2C1_Init                             0x0800460d   Thumb Code   200  i2c.o(.text.MX_I2C1_Init)
    MX_I2C3_Init                             0x080046d5   Thumb Code   194  i2c.o(.text.MX_I2C3_Init)
    MX_SPI3_Init                             0x08004799   Thumb Code    76  spi.o(.text.MX_SPI3_Init)
    MX_TIM8_Init                             0x080047e5   Thumb Code   268  tim.o(.text.MX_TIM8_Init)
    MX_USART1_UART_Init                      0x080048f1   Thumb Code   130  usart.o(.text.MX_USART1_UART_Init)
    MX_USART3_UART_Init                      0x08004975   Thumb Code   130  usart.o(.text.MX_USART3_UART_Init)
    MemManage_Handler                        0x080049f9   Thumb Code     2  stm32g4xx_it.o(.text.MemManage_Handler)
    NMI_Handler                              0x080049fd   Thumb Code     2  stm32g4xx_it.o(.text.NMI_Handler)
    PI_Calc                                  0x08004d8d   Thumb Code   180  pi.o(.text.PI_Calc)
    PI_Initialize                            0x08004e41   Thumb Code   100  pi.o(.text.PI_Initialize)
    PendSV_Handler                           0x08004ea5   Thumb Code     2  stm32g4xx_it.o(.text.PendSV_Handler)
    SVC_Handler                              0x08004ea9   Thumb Code     2  stm32g4xx_it.o(.text.SVC_Handler)
    SVW_Sector                               0x08004ead   Thumb Code   496  mc_lib.o(.text.SVW_Sector)
    SysTick_Handler                          0x080050cd   Thumb Code    32  stm32g4xx_it.o(.text.SysTick_Handler)
    SystemClock_Config                       0x080050ed   Thumb Code   140  main.o(.text.SystemClock_Config)
    SystemInit                               0x08005179   Thumb Code    18  system_stm32g4xx.o(.text.SystemInit)
    UART_AdvFeatureConfig                    0x080051e1   Thumb Code   230  stm32g4xx_hal_uart.o(.text.UART_AdvFeatureConfig)
    UART_CheckIdleState                      0x080052c9   Thumb Code   192  stm32g4xx_hal_uart.o(.text.UART_CheckIdleState)
    UART_SetConfig                           0x080055a1   Thumb Code   732  stm32g4xx_hal_uart.o(.text.UART_SetConfig)
    UART_Start_Receive_DMA                   0x0800587d   Thumb Code   164  stm32g4xx_hal_uart.o(.text.UART_Start_Receive_DMA)
    UART_WaitOnFlagUntilTimeout              0x08005921   Thumb Code   194  stm32g4xx_hal_uart.o(.text.UART_WaitOnFlagUntilTimeout)
    USART1_IRQHandler                        0x080059e5   Thumb Code    16  stm32g4xx_it.o(.text.USART1_IRQHandler)
    USART3_IRQHandler                        0x080059f5   Thumb Code    58  stm32g4xx_it.o(.text.USART3_IRQHandler)
    UsageFault_Handler                       0x08005a31   Thumb Code     2  stm32g4xx_it.o(.text.UsageFault_Handler)
    clarkeTrasform                           0x08005ad9   Thumb Code    44  mc_lib.o(.text.clarkeTrasform)
    complexVectorDecouple                    0x08005b05   Thumb Code   236  foc.o(.text.complexVectorDecouple)
    cordic_sincos_calc                       0x08005bf1   Thumb Code   160  cordic_calc.o(.text.cordic_sincos_calc)
    decoder                                  0x08005c91   Thumb Code   160  encoder.o(.text.decoder)
    getPhaseCurrent                          0x08005d31   Thumb Code   232  bsp_adc.o(.text.getPhaseCurrent)
    invParkTransform                         0x08005e19   Thumb Code    50  mc_lib.o(.text.invParkTransform)
    low_pass_filter                          0x08005e4d   Thumb Code    38  cordic_calc.o(.text.low_pass_filter)
    main                                     0x08005e75   Thumb Code   230  main.o(.text.main)
    myprintf                                 0x08005f5d   Thumb Code    82  usart.o(.text.myprintf)
    parkTrasform                             0x08005fb1   Thumb Code    50  mc_lib.o(.text.parkTrasform)
    sendEncoderCmd                           0x08005fe5   Thumb Code    28  encoder.o(.text.sendEncoderCmd)
    speedLoop                                0x08006001   Thumb Code    26  foc.o(.text.speedLoop)
    upLoad                                   0x0800601d   Thumb Code   224  upload.o(.text.upLoad)
    __0vsnprintf                             0x080060fd   Thumb Code    46  printfa.o(i.__0vsnprintf)
    __1vsnprintf                             0x080060fd   Thumb Code     0  printfa.o(i.__0vsnprintf)
    __2vsnprintf                             0x080060fd   Thumb Code     0  printfa.o(i.__0vsnprintf)
    __c89vsnprintf                           0x080060fd   Thumb Code     0  printfa.o(i.__0vsnprintf)
    vsnprintf                                0x080060fd   Thumb Code     0  printfa.o(i.__0vsnprintf)
    __hardfp_floorf                          0x08006131   Thumb Code    98  floorf.o(i.__hardfp_floorf)
    __hardfp_fmodf                           0x080061a1   Thumb Code   176  fmodf.o(i.__hardfp_fmodf)
    __hardfp_sqrtf                           0x08006251   Thumb Code    58  sqrtf.o(i.__hardfp_sqrtf)
    __mathlib_flt_invalid                    0x0800628d   Thumb Code    10  funder.o(i.__mathlib_flt_invalid)
    __scatterload_copy                       0x0800629d   Thumb Code    14  handlers.o(i.__scatterload_copy)
    __scatterload_null                       0x080062ab   Thumb Code     2  handlers.o(i.__scatterload_null)
    __scatterload_zeroinit                   0x080062ad   Thumb Code    14  handlers.o(i.__scatterload_zeroinit)
    __set_errno                              0x080062bd   Thumb Code     6  errno.o(i.__set_errno)
    APBPrescTable                            0x08006b90   Data           8  system_stm32g4xx.o(.rodata.APBPrescTable)
    UARTPrescTable                           0x08006c12   Data          24  stm32g4xx_hal_uart.o(.rodata.UARTPrescTable)
    Region$$Table$$Base                      0x08006c3c   Number         0  anon$$obj.o(Region$$Table)
    Region$$Table$$Limit                     0x08006c5c   Number         0  anon$$obj.o(Region$$Table)
    Run_Flag                                 0x20000004   Data           4  main.o(.data.Run_Flag)
    SystemCoreClock                          0x20000008   Data           4  system_stm32g4xx.o(.data.SystemCoreClock)
    offsetFlag                               0x20000010   Data           4  hft.o(.data.offsetFlag)
    usart_dma_tx_over                        0x20000048   Data           1  usart.o(.data.usart_dma_tx_over)
    uwTickFreq                               0x2000004c   Data           4  stm32g4xx_hal.o(.data.uwTickFreq)
    uwTickPrio                               0x20000050   Data           4  stm32g4xx_hal.o(.data.uwTickPrio)
    ADC_IT_Cnt                               0x20000058   Data           4  stm32g4xx_it.o(.bss.ADC_IT_Cnt)
    D_Controller                             0x2000005c   Data          40  pi.o(.bss.D_Controller)
    FOC_handler                              0x20000084   Data          28  mc_lib.o(.bss.FOC_handler)
    IF_input_Handler                         0x200000a0   Data           8  if_statemachine.o(.bss.IF_input_Handler)
    IF_output_Handler                        0x200000a8   Data          12  if_statemachine.o(.bss.IF_output_Handler)
    Q_Controller                             0x200000b4   Data          40  pi.o(.bss.Q_Controller)
    SC_handler                               0x200000dc   Data          12  mc_lib.o(.bss.SC_handler)
    SVM_handler                              0x200000e8   Data          52  mc_lib.o(.bss.SVM_handler)
    Speed_Controller                         0x2000011c   Data          40  pi.o(.bss.Speed_Controller)
    adcConvData_Handler                      0x20000144   Data          44  bsp_adc.o(.bss.adcConvData_Handler)
    adcRawData_Handler                       0x20000170   Data          96  bsp_adc.o(.bss.adcRawData_Handler)
    complex_Handler                          0x200001d8   Data          12  foc.o(.bss.complex_Handler)
    encoder_Handler                          0x200001e4   Data         228  encoder.o(.bss.encoder_Handler)
    hdma_usart1_rx                           0x200002c8   Data          96  usart.o(.bss.hdma_usart1_rx)
    hdma_usart1_tx                           0x20000328   Data          96  usart.o(.bss.hdma_usart1_tx)
    hdma_usart3_rx                           0x20000388   Data          96  usart.o(.bss.hdma_usart3_rx)
    hfdcan3                                  0x200003e8   Data         100  fdcan.o(.bss.hfdcan3)
    hspi3                                    0x2000044c   Data         100  spi.o(.bss.hspi3)
    huart1                                   0x200004b0   Data         148  usart.o(.bss.huart1)
    huart3                                   0x20000544   Data         148  usart.o(.bss.huart3)
    iABC_handler                             0x200005d8   Data          12  mc_lib.o(.bss.iABC_handler)
    iDQ_handler                              0x200005e4   Data           8  mc_lib.o(.bss.iDQ_handler)
    ialphaBeta_handler                       0x200005ec   Data           8  mc_lib.o(.bss.ialphaBeta_handler)
    lft_Flag                                 0x200005f4   Data           2  hft.o(.bss.lft_Flag)
    regCOMPARE                               0x20000630   Data          12  hft.o(.bss.regCOMPARE)
    rxBuffer_uart1                           0x2000063c   Data          50  serial.o(.bss.rxBuffer_uart1)
    rxBuffer_uart3                           0x2000066e   Data          20  serial.o(.bss.rxBuffer_uart3)
    speedLoop_Handler                        0x20000684   Data          12  foc.o(.bss.speedLoop_Handler)
    speedRef                                 0x20000690   Data           4  foc.o(.bss.speedRef)
    state_Handler                            0x20000694   Data          24  if_statemachine.o(.bss.state_Handler)
    thetaIntegrator                          0x200006dc   Data           4  if_statemachine.o(.bss.thetaIntegrator)
    tickCnt                                  0x200006e0   Data           4  stm32g4xx_it.o(.bss.tickCnt)
    uDQ_handler                              0x200006e4   Data           8  mc_lib.o(.bss.uDQ_handler)
    ualphaBeta_handler                       0x200006ec   Data           8  mc_lib.o(.bss.ualphaBeta_handler)
    uwTick                                   0x200006f4   Data           4  stm32g4xx_hal.o(.bss.uwTick)
    __initial_sp                             0x20000af8   Data           0  startup_stm32g474xx.o(STACK)



==============================================================================

Memory Map of the image

  Image Entry point : 0x080001d9

  Load Region LR_IROM1 (Base: 0x08000000, Size: 0x00006cb8, Max: 0x00080000, ABSOLUTE)

    Execution Region ER_IROM1 (Exec base: 0x08000000, Load base: 0x08000000, Size: 0x00006c5c, Max: 0x00080000, ABSOLUTE)

    Exec Addr    Load Addr    Size         Type   Attr      Idx    E Section Name        Object

    0x08000000   0x08000000   0x000001d8   Data   RO            3    RESET               startup_stm32g474xx.o
    0x080001d8   0x080001d8   0x00000000   Code   RO         2214  * .ARM.Collect$$$$00000000  mc_w.l(entry.o)
    0x080001d8   0x080001d8   0x00000004   Code   RO         2263    .ARM.Collect$$$$00000001  mc_w.l(entry2.o)
    0x080001dc   0x080001dc   0x00000004   Code   RO         2266    .ARM.Collect$$$$00000004  mc_w.l(entry5.o)
    0x080001e0   0x080001e0   0x00000000   Code   RO         2268    .ARM.Collect$$$$00000008  mc_w.l(entry7b.o)
    0x080001e0   0x080001e0   0x00000000   Code   RO         2270    .ARM.Collect$$$$0000000A  mc_w.l(entry8b.o)
    0x080001e0   0x080001e0   0x00000008   Code   RO         2271    .ARM.Collect$$$$0000000B  mc_w.l(entry9a.o)
    0x080001e8   0x080001e8   0x00000000   Code   RO         2273    .ARM.Collect$$$$0000000D  mc_w.l(entry10a.o)
    0x080001e8   0x080001e8   0x00000000   Code   RO         2275    .ARM.Collect$$$$0000000F  mc_w.l(entry11a.o)
    0x080001e8   0x080001e8   0x00000004   Code   RO         2264    .ARM.Collect$$$$00002712  mc_w.l(entry2.o)
    0x080001ec   0x080001ec   0x00000024   Code   RO            4    .text               startup_stm32g474xx.o
    0x08000210   0x08000210   0x00000062   Code   RO         2217    .text               mc_w.l(uldiv.o)
    0x08000272   0x08000272   0x0000002c   Code   RO         2291    .text               mc_w.l(uidiv.o)
    0x0800029e   0x0800029e   0x0000001e   Code   RO         2293    .text               mc_w.l(llshl.o)
    0x080002bc   0x080002bc   0x00000020   Code   RO         2295    .text               mc_w.l(llushr.o)
    0x080002dc   0x080002dc   0x00000000   Code   RO         2304    .text               mc_w.l(iusefp.o)
    0x080002dc   0x080002dc   0x00000052   Code   RO         2305    .text               mf_w.l(frem.o)
    0x0800032e   0x0800032e   0x0000014e   Code   RO         2307    .text               mf_w.l(dadd.o)
    0x0800047c   0x0800047c   0x000000e4   Code   RO         2309    .text               mf_w.l(dmul.o)
    0x08000560   0x08000560   0x000000de   Code   RO         2311    .text               mf_w.l(ddiv.o)
    0x0800063e   0x0800063e   0x00000030   Code   RO         2313    .text               mf_w.l(dfixul.o)
    0x0800066e   0x0800066e   0x00000002   PAD
    0x08000670   0x08000670   0x00000030   Code   RO         2315    .text               mf_w.l(cdrcmple.o)
    0x080006a0   0x080006a0   0x00000024   Code   RO         2317    .text               mc_w.l(init.o)
    0x080006c4   0x080006c4   0x00000024   Code   RO         2320    .text               mc_w.l(llsshr.o)
    0x080006e8   0x080006e8   0x0000006e   Code   RO         2323    .text               mf_w.l(fepilogue.o)
    0x08000756   0x08000756   0x000000ba   Code   RO         2325    .text               mf_w.l(depilogue.o)
    0x08000810   0x08000810   0x00000024   Code   RO          692    .text.ADC1_2_IRQHandler  stm32g4xx_it.o
    0x08000834   0x08000834   0x00000228   Code   RO           35    .text.ADC_High_Freq_Task  hft.o
    0x08000a5c   0x08000a5c   0x0000008a   Code   RO          296    .text.ADC_Start     adc.o
    0x08000ae6   0x08000ae6   0x00000002   PAD
    0x08000ae8   0x08000ae8   0x000000d2   Code   RO          131    .text.ADC_Zero_Offset  bsp_adc.o
    0x08000bba   0x08000bba   0x00000002   PAD
    0x08000bbc   0x08000bbc   0x00000002   Code   RO          666    .text.BusFault_Handler  stm32g4xx_it.o
    0x08000bbe   0x08000bbe   0x00000002   PAD
    0x08000bc0   0x08000bc0   0x00000010   Code   RO          686    .text.DMA1_Channel1_IRQHandler  stm32g4xx_it.o
    0x08000bd0   0x08000bd0   0x00000010   Code   RO          688    .text.DMA1_Channel2_IRQHandler  stm32g4xx_it.o
    0x08000be0   0x08000be0   0x00000010   Code   RO          690    .text.DMA1_Channel3_IRQHandler  stm32g4xx_it.o
    0x08000bf0   0x08000bf0   0x0000004a   Code   RO         1304    .text.DMA_CalcDMAMUXChannelBaseAndMask  stm32g4xx_hal_dma.o
    0x08000c3a   0x08000c3a   0x00000002   PAD
    0x08000c3c   0x08000c3c   0x00000026   Code   RO         1306    .text.DMA_CalcDMAMUXRequestGenBaseAndMask  stm32g4xx_hal_dma.o
    0x08000c62   0x08000c62   0x00000002   PAD
    0x08000c64   0x08000c64   0x00000046   Code   RO         1312    .text.DMA_SetConfig  stm32g4xx_hal_dma.o
    0x08000caa   0x08000caa   0x00000002   PAD
    0x08000cac   0x08000cac   0x00000002   Code   RO          672    .text.DebugMon_Handler  stm32g4xx_it.o
    0x08000cae   0x08000cae   0x00000002   PAD
    0x08000cb0   0x08000cb0   0x0000000a   Code   RO          678    .text.EXTI0_IRQHandler  stm32g4xx_it.o
    0x08000cba   0x08000cba   0x00000002   PAD
    0x08000cbc   0x08000cbc   0x0000000a   Code   RO          680    .text.EXTI1_IRQHandler  stm32g4xx_it.o
    0x08000cc6   0x08000cc6   0x00000002   PAD
    0x08000cc8   0x08000cc8   0x0000000a   Code   RO          682    .text.EXTI2_IRQHandler  stm32g4xx_it.o
    0x08000cd2   0x08000cd2   0x00000002   PAD
    0x08000cd4   0x08000cd4   0x0000000a   Code   RO          684    .text.EXTI3_IRQHandler  stm32g4xx_it.o
    0x08000cde   0x08000cde   0x00000002   PAD
    0x08000ce0   0x08000ce0   0x0000000a   Code   RO          250    .text.Error_Handler  main.o
    0x08000cea   0x08000cea   0x00000002   PAD
    0x08000cec   0x08000cec   0x0000007e   Code   RO         1590    .text.FDCAN_CalcultateRamBlockAddresses  stm32g4xx_hal_fdcan.o
    0x08000d6a   0x08000d6a   0x00000002   PAD
    0x08000d6c   0x08000d6c   0x0000006e   Code   RO         1316    .text.HAL_DMA_Abort  stm32g4xx_hal_dma.o
    0x08000dda   0x08000dda   0x00000002   PAD
    0x08000ddc   0x08000ddc   0x0000007a   Code   RO         1318    .text.HAL_DMA_Abort_IT  stm32g4xx_hal_dma.o
    0x08000e56   0x08000e56   0x00000002   PAD
    0x08000e58   0x08000e58   0x000000aa   Code   RO         1322    .text.HAL_DMA_IRQHandler  stm32g4xx_hal_dma.o
    0x08000f02   0x08000f02   0x00000002   PAD
    0x08000f04   0x08000f04   0x000000d8   Code   RO         1302    .text.HAL_DMA_Init  stm32g4xx_hal_dma.o
    0x08000fdc   0x08000fdc   0x0000008a   Code   RO         1314    .text.HAL_DMA_Start_IT  stm32g4xx_hal_dma.o
    0x08001066   0x08001066   0x00000002   PAD
    0x08001068   0x08001068   0x00000180   Code   RO         1586    .text.HAL_FDCAN_Init  stm32g4xx_hal_fdcan.o
    0x080011e8   0x080011e8   0x00000074   Code   RO          405    .text.HAL_FDCAN_MspInit  fdcan.o
    0x0800125c   0x0800125c   0x0000012c   Code   RO           11    .text.HAL_GPIO_EXTI_Callback  gpio_ex.o
    0x08001388   0x08001388   0x0000001a   Code   RO         1264    .text.HAL_GPIO_EXTI_IRQHandler  stm32g4xx_hal_gpio.o
    0x080013a2   0x080013a2   0x00000002   PAD
    0x080013a4   0x080013a4   0x0000019e   Code   RO         1252    .text.HAL_GPIO_Init  stm32g4xx_hal_gpio.o
    0x08001542   0x08001542   0x00000002   PAD
    0x08001544   0x08001544   0x00000010   Code   RO         1260    .text.HAL_GPIO_TogglePin  stm32g4xx_hal_gpio.o
    0x08001554   0x08001554   0x0000000c   Code   RO         1258    .text.HAL_GPIO_WritePin  stm32g4xx_hal_gpio.o
    0x08001560   0x08001560   0x0000000c   Code   RO          988    .text.HAL_GetTick   stm32g4xx_hal.o
    0x0800156c   0x0800156c   0x0000001a   Code   RO          986    .text.HAL_IncTick   stm32g4xx_hal.o
    0x08001586   0x08001586   0x00000002   PAD
    0x08001588   0x08001588   0x0000001e   Code   RO          976    .text.HAL_Init      stm32g4xx_hal.o
    0x080015a6   0x080015a6   0x00000002   PAD
    0x080015a8   0x080015a8   0x00000056   Code   RO          978    .text.HAL_InitTick  stm32g4xx_hal.o
    0x080015fe   0x080015fe   0x00000002   PAD
    0x08001600   0x08001600   0x00000038   Code   RO          714    .text.HAL_MspInit   stm32g4xx_hal_msp.o
    0x08001638   0x08001638   0x00000008   Code   RO         1492    .text.HAL_NVIC_EnableIRQ  stm32g4xx_hal_cortex.o
    0x08001640   0x08001640   0x0000001e   Code   RO         1484    .text.HAL_NVIC_SetPriority  stm32g4xx_hal_cortex.o
    0x0800165e   0x0800165e   0x00000002   PAD
    0x08001660   0x08001660   0x00000008   Code   RO         1480    .text.HAL_NVIC_SetPriorityGrouping  stm32g4xx_hal_cortex.o
    0x08001668   0x08001668   0x00000012   Code   RO         1470    .text.HAL_PWREx_DisableUCPDDeadBattery  stm32g4xx_hal_pwr_ex.o
    0x0800167a   0x0800167a   0x00000002   PAD
    0x0800167c   0x0800167c   0x0000000c   Code   RO         1075    .text.HAL_RCC_GetHCLKFreq  stm32g4xx_hal_rcc.o
    0x08001688   0x08001688   0x00000026   Code   RO         1077    .text.HAL_RCC_GetPCLK1Freq  stm32g4xx_hal_rcc.o
    0x080016ae   0x080016ae   0x00000002   PAD
    0x080016b0   0x080016b0   0x00000026   Code   RO         1079    .text.HAL_RCC_GetPCLK2Freq  stm32g4xx_hal_rcc.o
    0x080016d6   0x080016d6   0x00000002   PAD
    0x080016d8   0x080016d8   0x0000007a   Code   RO         1071    .text.HAL_RCC_GetSysClockFreq  stm32g4xx_hal_rcc.o
    0x08001752   0x08001752   0x00000002   PAD
    0x08001754   0x08001754   0x000000e2   Code   RO         1773    .text.HAL_SPI_Init  stm32g4xx_hal_spi.o
    0x08001836   0x08001836   0x00000002   PAD
    0x08001838   0x08001838   0x00000072   Code   RO          572    .text.HAL_SPI_MspInit  spi.o
    0x080018aa   0x080018aa   0x00000002   PAD
    0x080018ac   0x080018ac   0x00000008   Code   RO         1504    .text.HAL_SYSTICK_Config  stm32g4xx_hal_cortex.o
    0x080018b4   0x080018b4   0x00000036   Code   RO         2159    .text.HAL_UARTEx_DisableFifoMode  stm32g4xx_hal_uart_ex.o
    0x080018ea   0x080018ea   0x00000002   PAD
    0x080018ec   0x080018ec   0x00000056   Code   RO         2169    .text.HAL_UARTEx_ReceiveToIdle_DMA  stm32g4xx_hal_uart_ex.o
    0x08001942   0x08001942   0x00000002   PAD
    0x08001944   0x08001944   0x00000002   Code   RO           25    .text.HAL_UARTEx_RxEventCallback  serial.o
    0x08001946   0x08001946   0x00000002   PAD
    0x08001948   0x08001948   0x00000002   Code   RO         2141    .text.HAL_UARTEx_RxFifoFullCallback  stm32g4xx_hal_uart_ex.o
    0x0800194a   0x0800194a   0x00000002   PAD
    0x0800194c   0x0800194c   0x0000004a   Code   RO         2163    .text.HAL_UARTEx_SetRxFifoThreshold  stm32g4xx_hal_uart_ex.o
    0x08001996   0x08001996   0x00000002   PAD
    0x08001998   0x08001998   0x0000004a   Code   RO         2161    .text.HAL_UARTEx_SetTxFifoThreshold  stm32g4xx_hal_uart_ex.o
    0x080019e2   0x080019e2   0x00000002   PAD
    0x080019e4   0x080019e4   0x00000002   Code   RO         2143    .text.HAL_UARTEx_TxFifoEmptyCallback  stm32g4xx_hal_uart_ex.o
    0x080019e6   0x080019e6   0x00000002   PAD
    0x080019e8   0x080019e8   0x00000002   Code   RO         2139    .text.HAL_UARTEx_WakeupCallback  stm32g4xx_hal_uart_ex.o
    0x080019ea   0x080019ea   0x00000002   PAD
    0x080019ec   0x080019ec   0x00000002   Code   RO         2080    .text.HAL_UART_ErrorCallback  stm32g4xx_hal_uart.o
    0x080019ee   0x080019ee   0x00000002   PAD
    0x080019f0   0x080019f0   0x0000030a   Code   RO         2076    .text.HAL_UART_IRQHandler  stm32g4xx_hal_uart.o
    0x08001cfa   0x08001cfa   0x00000002   PAD
    0x08001cfc   0x08001cfc   0x00000062   Code   RO         1988    .text.HAL_UART_Init  stm32g4xx_hal_uart.o
    0x08001d5e   0x08001d5e   0x00000002   PAD
    0x08001d60   0x08001d60   0x000001d8   Code   RO          635    .text.HAL_UART_MspInit  usart.o
    0x08001f38   0x08001f38   0x00000002   Code   RO         2090    .text.HAL_UART_RxCpltCallback  stm32g4xx_hal_uart.o
    0x08001f3a   0x08001f3a   0x00000002   PAD
    0x08001f3c   0x08001f3c   0x00000002   Code   RO         2092    .text.HAL_UART_RxHalfCpltCallback  stm32g4xx_hal_uart.o
    0x08001f3e   0x08001f3e   0x00000002   PAD
    0x08001f40   0x08001f40   0x000000c6   Code   RO         2008    .text.HAL_UART_Transmit  stm32g4xx_hal_uart.o
    0x08002006   0x08002006   0x00000002   PAD
    0x08002008   0x08002008   0x00000090   Code   RO         2028    .text.HAL_UART_Transmit_DMA  stm32g4xx_hal_uart.o
    0x08002098   0x08002098   0x0000001e   Code   RO          643    .text.HAL_UART_TxCpltCallback  usart.o
    0x080020b6   0x080020b6   0x00000002   PAD
    0x080020b8   0x080020b8   0x00000002   Code   RO         2088    .text.HAL_UART_TxHalfCpltCallback  stm32g4xx_hal_uart.o
    0x080020ba   0x080020ba   0x00000002   PAD
    0x080020bc   0x080020bc   0x00000008   Code   RO          420    .text.HRTIM_Start   hrtim.o
    0x080020c4   0x080020c4   0x00000002   Code   RO          662    .text.HardFault_Handler  stm32g4xx_it.o
    0x080020c6   0x080020c6   0x00000002   PAD
    0x080020c8   0x080020c8   0x000001a0   Code   RO          166    .text.IF_StateMachine  if_statemachine.o
    0x08002268   0x08002268   0x00000006   Code   RO          306    .text.LL_ADC_ClearFlag_ADRDY  adc.o
    0x0800226e   0x0800226e   0x00000002   PAD
    0x08002270   0x08002270   0x0000000a   Code   RO          696    .text.LL_ADC_ClearFlag_JEOC  stm32g4xx_it.o
    0x0800227a   0x0800227a   0x00000002   PAD
    0x0800227c   0x0800227c   0x00000084   Code   RO          840    .text.LL_ADC_CommonInit  stm32g4xx_ll_adc.o
    0x08002300   0x08002300   0x00000010   Code   RO          338    .text.LL_ADC_DisableDeepPowerDown  adc.o
    0x08002310   0x08002310   0x00000012   Code   RO          302    .text.LL_ADC_Enable  adc.o
    0x08002322   0x08002322   0x00000002   PAD
    0x08002324   0x08002324   0x00000012   Code   RO          310    .text.LL_ADC_EnableIT_JEOC  adc.o
    0x08002336   0x08002336   0x00000002   PAD
    0x08002338   0x08002338   0x00000010   Code   RO          308    .text.LL_ADC_EnableIT_JEOS  adc.o
    0x08002348   0x08002348   0x00000014   Code   RO          340    .text.LL_ADC_EnableInternalRegulator  adc.o
    0x0800235c   0x0800235c   0x00000040   Code   RO          876    .text.LL_ADC_INJ_Init  stm32g4xx_ll_adc.o
    0x0800239c   0x0800239c   0x00000014   Code   RO          334    .text.LL_ADC_INJ_SetQueueMode  adc.o
    0x080023b0   0x080023b0   0x0000001e   Code   RO          348    .text.LL_ADC_INJ_SetSequencerRanks  adc.o
    0x080023ce   0x080023ce   0x00000002   PAD
    0x080023d0   0x080023d0   0x0000000c   Code   RO          336    .text.LL_ADC_INJ_SetTriggerEdge  adc.o
    0x080023dc   0x080023dc   0x00000012   Code   RO          312    .text.LL_ADC_INJ_StartConversion  adc.o
    0x080023ee   0x080023ee   0x00000002   PAD
    0x080023f0   0x080023f0   0x0000002a   Code   RO          866    .text.LL_ADC_Init   stm32g4xx_ll_adc.o
    0x0800241a   0x0800241a   0x00000002   PAD
    0x0800241c   0x0800241c   0x00000008   Code   RO          304    .text.LL_ADC_IsActiveFlag_ADRDY  adc.o
    0x08002424   0x08002424   0x0000000c   Code   RO          694    .text.LL_ADC_IsActiveFlag_JEOC  stm32g4xx_it.o
    0x08002430   0x08002430   0x00000006   Code   RO          300    .text.LL_ADC_IsCalibrationOnGoing  adc.o
    0x08002436   0x08002436   0x00000002   PAD
    0x08002438   0x08002438   0x00000008   Code   RO          842    .text.LL_ADC_IsEnabled  stm32g4xx_ll_adc.o
    0x08002440   0x08002440   0x00000046   Code   RO          870    .text.LL_ADC_REG_Init  stm32g4xx_ll_adc.o
    0x08002486   0x08002486   0x00000002   PAD
    0x08002488   0x08002488   0x0000000c   Code   RO          872    .text.LL_ADC_REG_SetSequencerLength  stm32g4xx_ll_adc.o
    0x08002494   0x08002494   0x0000001e   Code   RO          342    .text.LL_ADC_REG_SetSequencerRanks  adc.o
    0x080024b2   0x080024b2   0x00000002   PAD
    0x080024b4   0x080024b4   0x00000012   Code   RO          314    .text.LL_ADC_REG_StartConversion  adc.o
    0x080024c6   0x080024c6   0x00000002   PAD
    0x080024c8   0x080024c8   0x00000022   Code   RO          344    .text.LL_ADC_SetChannelSamplingTime  adc.o
    0x080024ea   0x080024ea   0x00000002   PAD
    0x080024ec   0x080024ec   0x00000016   Code   RO          346    .text.LL_ADC_SetChannelSingleDiff  adc.o
    0x08002502   0x08002502   0x00000002   PAD
    0x08002504   0x08002504   0x00000018   Code   RO          330    .text.LL_ADC_SetGainCompensation  adc.o
    0x0800251c   0x0800251c   0x0000000c   Code   RO          332    .text.LL_ADC_SetOverSamplingScope  adc.o
    0x08002528   0x08002528   0x00000014   Code   RO          298    .text.LL_ADC_StartCalibration  adc.o
    0x0800253c   0x0800253c   0x00000020   Code   RO          362    .text.LL_AHB1_GRP1_EnableClock  cordic.o
    0x0800255c   0x0800255c   0x0000001c   Code   RO          393    .text.LL_AHB1_GRP1_EnableClock  dma.o
    0x08002578   0x08002578   0x00000012   Code   RO          106    .text.LL_AHB1_GRP1_ForceReset  cordic_calc.o
    0x0800258a   0x0800258a   0x00000002   PAD
    0x0800258c   0x0800258c   0x00000012   Code   RO          108    .text.LL_AHB1_GRP1_ReleaseReset  cordic_calc.o
    0x0800259e   0x0800259e   0x00000002   PAD
    0x080025a0   0x080025a0   0x0000001c   Code   RO          320    .text.LL_AHB2_GRP1_EnableClock  adc.o
    0x080025bc   0x080025bc   0x0000001c   Code   RO          373    .text.LL_AHB2_GRP1_EnableClock  dac.o
    0x080025d8   0x080025d8   0x0000001c   Code   RO          526    .text.LL_AHB2_GRP1_EnableClock  hrtim.o
    0x080025f4   0x080025f4   0x0000001c   Code   RO          546    .text.LL_AHB2_GRP1_EnableClock  i2c.o
    0x08002610   0x08002610   0x0000001c   Code   RO          595    .text.LL_AHB2_GRP1_EnableClock  tim.o
    0x0800262c   0x0800262c   0x0000001c   Code   RO          548    .text.LL_APB1_GRP1_EnableClock  i2c.o
    0x08002648   0x08002648   0x00000020   Code   RO          426    .text.LL_APB2_GRP1_EnableClock  hrtim.o
    0x08002668   0x08002668   0x00000020   Code   RO          593    .text.LL_APB2_GRP1_EnableClock  tim.o
    0x08002688   0x08002688   0x00000020   Code   RO          110    .text.LL_CORDIC_Config  cordic_calc.o
    0x080026a8   0x080026a8   0x00000010   Code   RO          104    .text.LL_CORDIC_GetFunction  cordic_calc.o
    0x080026b8   0x080026b8   0x0000000c   Code   RO          114    .text.LL_CORDIC_ReadData  cordic_calc.o
    0x080026c4   0x080026c4   0x0000000c   Code   RO          112    .text.LL_CORDIC_WriteData  cordic_calc.o
    0x080026d0   0x080026d0   0x00000012   Code   RO          381    .text.LL_DAC_DisableDMADoubleDataMode  dac.o
    0x080026e2   0x080026e2   0x00000002   PAD
    0x080026e4   0x080026e4   0x00000012   Code   RO          379    .text.LL_DAC_DisableTrigger  dac.o
    0x080026f6   0x080026f6   0x00000002   PAD
    0x080026f8   0x080026f8   0x00000012   Code   RO          214    .text.LL_DAC_Enable  main.o
    0x0800270a   0x0800270a   0x00000002   PAD
    0x0800270c   0x0800270c   0x000000bc   Code   RO         1572    .text.LL_DAC_Init   stm32g4xx_ll_dac.o
    0x080027c8   0x080027c8   0x0000000e   Code   RO         1574    .text.LL_DAC_IsEnabled  stm32g4xx_ll_dac.o
    0x080027d6   0x080027d6   0x00000002   PAD
    0x080027d8   0x080027d8   0x00000014   Code   RO          375    .text.LL_DAC_SetHighFrequencyMode  dac.o
    0x080027ec   0x080027ec   0x00000012   Code   RO          377    .text.LL_DAC_SetSignedFormat  dac.o
    0x080027fe   0x080027fe   0x00000002   PAD
    0x08002800   0x08002800   0x00000010   Code   RO          220    .text.LL_FLASH_GetLatency  main.o
    0x08002810   0x08002810   0x00000014   Code   RO          218    .text.LL_FLASH_SetLatency  main.o
    0x08002824   0x08002824   0x00000088   Code   RO          894    .text.LL_GPIO_Init  stm32g4xx_ll_gpio.o
    0x080028ac   0x080028ac   0x0000000c   Code   RO           39    .text.LL_GPIO_ResetOutputPin  hft.o
    0x080028b8   0x080028b8   0x00000020   Code   RO          902    .text.LL_GPIO_SetAFPin_0_7  stm32g4xx_ll_gpio.o
    0x080028d8   0x080028d8   0x00000022   Code   RO          904    .text.LL_GPIO_SetAFPin_8_15  stm32g4xx_ll_gpio.o
    0x080028fa   0x080028fa   0x00000002   PAD
    0x080028fc   0x080028fc   0x0000000c   Code   RO           37    .text.LL_GPIO_SetOutputPin  hft.o
    0x08002908   0x08002908   0x00000020   Code   RO          906    .text.LL_GPIO_SetPinMode  stm32g4xx_ll_gpio.o
    0x08002928   0x08002928   0x0000000c   Code   RO          898    .text.LL_GPIO_SetPinOutputType  stm32g4xx_ll_gpio.o
    0x08002934   0x08002934   0x00000020   Code   RO          900    .text.LL_GPIO_SetPinPull  stm32g4xx_ll_gpio.o
    0x08002954   0x08002954   0x00000020   Code   RO          896    .text.LL_GPIO_SetPinSpeed  stm32g4xx_ll_gpio.o
    0x08002974   0x08002974   0x000000d0   Code   RO          442    .text.LL_HRTIM_ConfigADCTrig  hrtim.o
    0x08002a44   0x08002a44   0x00000012   Code   RO          428    .text.LL_HRTIM_ConfigDLLCalibration  hrtim.o
    0x08002a56   0x08002a56   0x00000002   PAD
    0x08002a58   0x08002a58   0x0000002a   Code   RO          506    .text.LL_HRTIM_DT_SetFallingSign  hrtim.o
    0x08002a82   0x08002a82   0x00000002   PAD
    0x08002a84   0x08002a84   0x0000002c   Code   RO          504    .text.LL_HRTIM_DT_SetFallingValue  hrtim.o
    0x08002ab0   0x08002ab0   0x0000002c   Code   RO          498    .text.LL_HRTIM_DT_SetPrescaler  hrtim.o
    0x08002adc   0x08002adc   0x0000002a   Code   RO          502    .text.LL_HRTIM_DT_SetRisingSign  hrtim.o
    0x08002b06   0x08002b06   0x00000002   PAD
    0x08002b08   0x08002b08   0x0000002c   Code   RO          500    .text.LL_HRTIM_DT_SetRisingValue  hrtim.o
    0x08002b34   0x08002b34   0x00000012   Code   RO           13    .text.LL_HRTIM_DisableOutput  gpio_ex.o
    0x08002b46   0x08002b46   0x00000002   PAD
    0x08002b48   0x08002b48   0x00000036   Code   RO          440    .text.LL_HRTIM_EE_SetFastMode  hrtim.o
    0x08002b7e   0x08002b7e   0x00000002   PAD
    0x08002b80   0x08002b80   0x00000038   Code   RO          436    .text.LL_HRTIM_EE_SetPolarity  hrtim.o
    0x08002bb8   0x08002bb8   0x00000012   Code   RO          432    .text.LL_HRTIM_EE_SetPrescaler  hrtim.o
    0x08002bca   0x08002bca   0x00000002   PAD
    0x08002bcc   0x08002bcc   0x00000038   Code   RO          438    .text.LL_HRTIM_EE_SetSensitivity  hrtim.o
    0x08002c04   0x08002c04   0x0000003e   Code   RO          434    .text.LL_HRTIM_EE_SetSrc  hrtim.o
    0x08002c42   0x08002c42   0x00000002   PAD
    0x08002c44   0x08002c44   0x00000012   Code   RO           15    .text.LL_HRTIM_EnableOutput  gpio_ex.o
    0x08002c56   0x08002c56   0x00000002   PAD
    0x08002c58   0x08002c58   0x00000014   Code   RO          472    .text.LL_HRTIM_ForceUpdate  hrtim.o
    0x08002c6c   0x08002c6c   0x00000010   Code   RO          430    .text.LL_HRTIM_IsActiveFlag_DLLRDY  hrtim.o
    0x08002c7c   0x08002c7c   0x0000003a   Code   RO          520    .text.LL_HRTIM_OUT_SetChopperMode  hrtim.o
    0x08002cb6   0x08002cb6   0x00000002   PAD
    0x08002cb8   0x08002cb8   0x00000040   Code   RO          518    .text.LL_HRTIM_OUT_SetFaultState  hrtim.o
    0x08002cf8   0x08002cf8   0x0000003a   Code   RO          516    .text.LL_HRTIM_OUT_SetIdleLevel  hrtim.o
    0x08002d32   0x08002d32   0x00000002   PAD
    0x08002d34   0x08002d34   0x0000003a   Code   RO          514    .text.LL_HRTIM_OUT_SetIdleMode  hrtim.o
    0x08002d6e   0x08002d6e   0x00000002   PAD
    0x08002d70   0x08002d70   0x00000022   Code   RO          512    .text.LL_HRTIM_OUT_SetOutputResetSrc  hrtim.o
    0x08002d92   0x08002d92   0x00000002   PAD
    0x08002d94   0x08002d94   0x00000020   Code   RO          510    .text.LL_HRTIM_OUT_SetOutputSetSrc  hrtim.o
    0x08002db4   0x08002db4   0x0000003a   Code   RO          508    .text.LL_HRTIM_OUT_SetPolarity  hrtim.o
    0x08002dee   0x08002dee   0x00000002   PAD
    0x08002df0   0x08002df0   0x0000004c   Code   RO          444    .text.LL_HRTIM_SetADCPostScaler  hrtim.o
    0x08002e3c   0x08002e3c   0x00000012   Code   RO          422    .text.LL_HRTIM_TIM_CounterEnable  hrtim.o
    0x08002e4e   0x08002e4e   0x00000002   PAD
    0x08002e50   0x08002e50   0x00000048   Code   RO          454    .text.LL_HRTIM_TIM_DisableHalfMode  hrtim.o
    0x08002e98   0x08002e98   0x0000002a   Code   RO          464    .text.LL_HRTIM_TIM_DisablePreload  hrtim.o
    0x08002ec2   0x08002ec2   0x00000002   PAD
    0x08002ec4   0x08002ec4   0x0000002a   Code   RO          490    .text.LL_HRTIM_TIM_DisablePushPullMode  hrtim.o
    0x08002eee   0x08002eee   0x00000002   PAD
    0x08002ef0   0x08002ef0   0x0000002a   Code   RO          460    .text.LL_HRTIM_TIM_DisableResetOnSync  hrtim.o
    0x08002f1a   0x08002f1a   0x00000002   PAD
    0x08002f1c   0x08002f1c   0x0000002a   Code   RO          494    .text.LL_HRTIM_TIM_DisableResyncUpdate  hrtim.o
    0x08002f46   0x08002f46   0x00000002   PAD
    0x08002f48   0x08002f48   0x0000002a   Code   RO          458    .text.LL_HRTIM_TIM_DisableStartOnSync  hrtim.o
    0x08002f72   0x08002f72   0x00000002   PAD
    0x08002f74   0x08002f74   0x0000002a   Code   RO          492    .text.LL_HRTIM_TIM_EnableDeadTime  hrtim.o
    0x08002f9e   0x08002f9e   0x00000002   PAD
    0x08002fa0   0x08002fa0   0x0000002a   Code   RO          484    .text.LL_HRTIM_TIM_SetADCRollOverMode  hrtim.o
    0x08002fca   0x08002fca   0x00000002   PAD
    0x08002fcc   0x08002fcc   0x0000002a   Code   RO          482    .text.LL_HRTIM_TIM_SetBMRollOverMode  hrtim.o
    0x08002ff6   0x08002ff6   0x00000002   PAD
    0x08002ff8   0x08002ff8   0x00000012   Code   RO          470    .text.LL_HRTIM_TIM_SetBurstModeOption  hrtim.o
    0x0800300a   0x0800300a   0x00000002   PAD
    0x0800300c   0x0800300c   0x0000002a   Code   RO          476    .text.LL_HRTIM_TIM_SetComp1Mode  hrtim.o
    0x08003036   0x08003036   0x00000002   PAD
    0x08003038   0x08003038   0x00000034   Code   RO           41    .text.LL_HRTIM_TIM_SetCompare1  hft.o
    0x0800306c   0x0800306c   0x0000002c   Code   RO          216    .text.LL_HRTIM_TIM_SetCompare1  main.o
    0x08003098   0x08003098   0x0000002e   Code   RO          496    .text.LL_HRTIM_TIM_SetCompare1  hrtim.o
    0x080030c6   0x080030c6   0x00000002   PAD
    0x080030c8   0x080030c8   0x00000014   Code   RO          522    .text.LL_HRTIM_TIM_SetCompare4  hrtim.o
    0x080030dc   0x080030dc   0x00000012   Code   RO          524    .text.LL_HRTIM_TIM_SetCompareMode  hrtim.o
    0x080030ee   0x080030ee   0x00000002   PAD
    0x080030f0   0x080030f0   0x0000002c   Code   RO          448    .text.LL_HRTIM_TIM_SetCounterMode  hrtim.o
    0x0800311c   0x0800311c   0x0000002a   Code   RO          474    .text.LL_HRTIM_TIM_SetCountingMode  hrtim.o
    0x08003146   0x08003146   0x00000002   PAD
    0x08003148   0x08003148   0x0000002a   Code   RO          462    .text.LL_HRTIM_TIM_SetDACTrig  hrtim.o
    0x08003172   0x08003172   0x00000002   PAD
    0x08003174   0x08003174   0x0000002a   Code   RO          480    .text.LL_HRTIM_TIM_SetFaultEventRollOverMode  hrtim.o
    0x0800319e   0x0800319e   0x00000002   PAD
    0x080031a0   0x080031a0   0x00000050   Code   RO          456    .text.LL_HRTIM_TIM_SetInterleavedMode  hrtim.o
    0x080031f0   0x080031f0   0x0000002a   Code   RO          486    .text.LL_HRTIM_TIM_SetOutputRollOverMode  hrtim.o
    0x0800321a   0x0800321a   0x00000002   PAD
    0x0800321c   0x0800321c   0x00000034   Code   RO          450    .text.LL_HRTIM_TIM_SetPeriod  hrtim.o
    0x08003250   0x08003250   0x0000002c   Code   RO          446    .text.LL_HRTIM_TIM_SetPrescaler  hrtim.o
    0x0800327c   0x0800327c   0x0000002a   Code   RO          452    .text.LL_HRTIM_TIM_SetRepetition  hrtim.o
    0x080032a6   0x080032a6   0x00000002   PAD
    0x080032a8   0x080032a8   0x00000026   Code   RO          488    .text.LL_HRTIM_TIM_SetResetTrig  hrtim.o
    0x080032ce   0x080032ce   0x00000002   PAD
    0x080032d0   0x080032d0   0x0000002a   Code   RO          478    .text.LL_HRTIM_TIM_SetRollOverMode  hrtim.o
    0x080032fa   0x080032fa   0x00000002   PAD
    0x080032fc   0x080032fc   0x00000050   Code   RO          466    .text.LL_HRTIM_TIM_SetUpdateGating  hrtim.o
    0x0800334c   0x0800334c   0x00000054   Code   RO          468    .text.LL_HRTIM_TIM_SetUpdateTrig  hrtim.o
    0x080033a0   0x080033a0   0x0000000c   Code   RO         1761    .text.LL_I2C_AcknowledgeNextData  stm32g4xx_ll_i2c.o
    0x080033ac   0x080033ac   0x00000010   Code   RO         1747    .text.LL_I2C_ConfigFilters  stm32g4xx_ll_i2c.o
    0x080033bc   0x080033bc   0x0000000a   Code   RO         1745    .text.LL_I2C_Disable  stm32g4xx_ll_i2c.o
    0x080033c6   0x080033c6   0x00000002   PAD
    0x080033c8   0x080033c8   0x0000000a   Code   RO          556    .text.LL_I2C_DisableGeneralCall  i2c.o
    0x080033d2   0x080033d2   0x00000002   PAD
    0x080033d4   0x080033d4   0x0000000a   Code   RO         1753    .text.LL_I2C_DisableOwnAddress1  stm32g4xx_ll_i2c.o
    0x080033de   0x080033de   0x00000002   PAD
    0x080033e0   0x080033e0   0x0000000a   Code   RO          554    .text.LL_I2C_DisableOwnAddress2  i2c.o
    0x080033ea   0x080033ea   0x00000002   PAD
    0x080033ec   0x080033ec   0x0000000a   Code   RO         1751    .text.LL_I2C_Enable  stm32g4xx_ll_i2c.o
    0x080033f6   0x080033f6   0x00000002   PAD
    0x080033f8   0x080033f8   0x0000000a   Code   RO          550    .text.LL_I2C_EnableAutoEndMode  i2c.o
    0x08003402   0x08003402   0x00000002   PAD
    0x08003404   0x08003404   0x0000000a   Code   RO          558    .text.LL_I2C_EnableClockStretching  i2c.o
    0x0800340e   0x0800340e   0x00000002   PAD
    0x08003410   0x08003410   0x0000000a   Code   RO         1757    .text.LL_I2C_EnableOwnAddress1  stm32g4xx_ll_i2c.o
    0x0800341a   0x0800341a   0x00000002   PAD
    0x0800341c   0x0800341c   0x00000050   Code   RO         1743    .text.LL_I2C_Init   stm32g4xx_ll_i2c.o
    0x0800346c   0x0800346c   0x0000000c   Code   RO         1759    .text.LL_I2C_SetMode  stm32g4xx_ll_i2c.o
    0x08003478   0x08003478   0x00000014   Code   RO         1755    .text.LL_I2C_SetOwnAddress1  stm32g4xx_ll_i2c.o
    0x0800348c   0x0800348c   0x0000000c   Code   RO          552    .text.LL_I2C_SetOwnAddress2  i2c.o
    0x08003498   0x08003498   0x00000004   Code   RO         1749    .text.LL_I2C_SetTiming  stm32g4xx_ll_i2c.o
    0x0800349c   0x0800349c   0x00000012   Code   RO          222    .text.LL_PWR_EnableRange1BoostMode  main.o
    0x080034ae   0x080034ae   0x00000002   PAD
    0x080034b0   0x080034b0   0x00000010   Code   RO          244    .text.LL_RCC_GetSysClkSource  main.o
    0x080034c0   0x080034c0   0x00000012   Code   RO          224    .text.LL_RCC_HSE_Enable  main.o
    0x080034d2   0x080034d2   0x00000002   PAD
    0x080034d4   0x080034d4   0x00000010   Code   RO          226    .text.LL_RCC_HSE_IsReady  main.o
    0x080034e4   0x080034e4   0x00000022   Code   RO          230    .text.LL_RCC_PLL_ConfigDomain_ADC  main.o
    0x08003506   0x08003506   0x00000002   PAD
    0x08003508   0x08003508   0x0000001e   Code   RO          228    .text.LL_RCC_PLL_ConfigDomain_SYS  main.o
    0x08003526   0x08003526   0x00000002   PAD
    0x08003528   0x08003528   0x00000012   Code   RO          236    .text.LL_RCC_PLL_Enable  main.o
    0x0800353a   0x0800353a   0x00000002   PAD
    0x0800353c   0x0800353c   0x00000012   Code   RO          234    .text.LL_RCC_PLL_EnableDomain_ADC  main.o
    0x0800354e   0x0800354e   0x00000002   PAD
    0x08003550   0x08003550   0x00000012   Code   RO          232    .text.LL_RCC_PLL_EnableDomain_SYS  main.o
    0x08003562   0x08003562   0x00000002   PAD
    0x08003564   0x08003564   0x00000010   Code   RO          238    .text.LL_RCC_PLL_IsReady  main.o
    0x08003574   0x08003574   0x00000014   Code   RO          318    .text.LL_RCC_SetADCClockSource  adc.o
    0x08003588   0x08003588   0x00000014   Code   RO          242    .text.LL_RCC_SetAHBPrescaler  main.o
    0x0800359c   0x0800359c   0x00000012   Code   RO          246    .text.LL_RCC_SetAPB1Prescaler  main.o
    0x080035ae   0x080035ae   0x00000002   PAD
    0x080035b0   0x080035b0   0x00000014   Code   RO          248    .text.LL_RCC_SetAPB2Prescaler  main.o
    0x080035c4   0x080035c4   0x00000014   Code   RO          407    .text.LL_RCC_SetFDCANClockSource  fdcan.o
    0x080035d8   0x080035d8   0x00000024   Code   RO          544    .text.LL_RCC_SetI2CClockSource  i2c.o
    0x080035fc   0x080035fc   0x00000012   Code   RO          240    .text.LL_RCC_SetSysClkSource  main.o
    0x0800360e   0x0800360e   0x00000002   PAD
    0x08003610   0x08003610   0x00000016   Code   RO          637    .text.LL_RCC_SetUSARTClockSource  usart.o
    0x08003626   0x08003626   0x00000002   PAD
    0x08003628   0x08003628   0x0000000c   Code   RO          728    .text.LL_SetSystemCoreClock  stm32g4xx_ll_utils.o
    0x08003634   0x08003634   0x00000012   Code   RO          599    .text.LL_TIM_CC_DisableChannel  tim.o
    0x08003646   0x08003646   0x00000002   PAD
    0x08003648   0x08003648   0x00000012   Code   RO          597    .text.LL_TIM_DisableARRPreload  tim.o
    0x0800365a   0x0800365a   0x00000002   PAD
    0x0800365c   0x0800365c   0x00000012   Code   RO          621    .text.LL_TIM_DisableMasterSlaveMode  tim.o
    0x0800366e   0x0800366e   0x00000002   PAD
    0x08003670   0x08003670   0x0000000a   Code   RO         1924    .text.LL_TIM_GenerateEvent_UPDATE  stm32g4xx_ll_tim.o
    0x0800367a   0x0800367a   0x00000002   PAD
    0x0800367c   0x0800367c   0x00000012   Code   RO          609    .text.LL_TIM_IC_EnableXORCombination  tim.o
    0x0800368e   0x0800368e   0x00000002   PAD
    0x08003690   0x08003690   0x00000012   Code   RO          601    .text.LL_TIM_IC_SetActiveInput  tim.o
    0x080036a2   0x080036a2   0x00000002   PAD
    0x080036a4   0x080036a4   0x00000012   Code   RO          605    .text.LL_TIM_IC_SetFilter  tim.o
    0x080036b6   0x080036b6   0x00000002   PAD
    0x080036b8   0x080036b8   0x00000012   Code   RO          607    .text.LL_TIM_IC_SetPolarity  tim.o
    0x080036ca   0x080036ca   0x00000002   PAD
    0x080036cc   0x080036cc   0x00000012   Code   RO          603    .text.LL_TIM_IC_SetPrescaler  tim.o
    0x080036de   0x080036de   0x00000002   PAD
    0x080036e0   0x080036e0   0x0000013e   Code   RO         1916    .text.LL_TIM_Init   stm32g4xx_ll_tim.o
    0x0800381e   0x0800381e   0x00000002   PAD
    0x08003820   0x08003820   0x00000012   Code   RO          615    .text.LL_TIM_OC_DisableFast  tim.o
    0x08003832   0x08003832   0x00000002   PAD
    0x08003834   0x08003834   0x00000074   Code   RO         1928    .text.LL_TIM_OC_Init  stm32g4xx_ll_tim.o
    0x080038a8   0x080038a8   0x00000004   Code   RO         1970    .text.LL_TIM_OC_SetCompareCH1  stm32g4xx_ll_tim.o
    0x080038ac   0x080038ac   0x00000004   Code   RO         1964    .text.LL_TIM_OC_SetCompareCH2  stm32g4xx_ll_tim.o
    0x080038b0   0x080038b0   0x00000004   Code   RO         1972    .text.LL_TIM_OC_SetCompareCH3  stm32g4xx_ll_tim.o
    0x080038b4   0x080038b4   0x00000004   Code   RO         1974    .text.LL_TIM_OC_SetCompareCH4  stm32g4xx_ll_tim.o
    0x080038b8   0x080038b8   0x00000006   Code   RO         1976    .text.LL_TIM_OC_SetCompareCH5  stm32g4xx_ll_tim.o
    0x080038be   0x080038be   0x00000002   PAD
    0x080038c0   0x080038c0   0x00000004   Code   RO         1978    .text.LL_TIM_OC_SetCompareCH6  stm32g4xx_ll_tim.o
    0x080038c4   0x080038c4   0x00000004   Code   RO         1918    .text.LL_TIM_SetAutoReload  stm32g4xx_ll_tim.o
    0x080038c8   0x080038c8   0x00000004   Code   RO         1920    .text.LL_TIM_SetPrescaler  stm32g4xx_ll_tim.o
    0x080038cc   0x080038cc   0x00000004   Code   RO         1922    .text.LL_TIM_SetRepetitionCounter  stm32g4xx_ll_tim.o
    0x080038d0   0x080038d0   0x0000001a   Code   RO          613    .text.LL_TIM_SetSlaveMode  tim.o
    0x080038ea   0x080038ea   0x00000002   PAD
    0x080038ec   0x080038ec   0x0000001a   Code   RO          611    .text.LL_TIM_SetTriggerInput  tim.o
    0x08003906   0x08003906   0x00000002   PAD
    0x08003908   0x08003908   0x0000001a   Code   RO          617    .text.LL_TIM_SetTriggerOutput  tim.o
    0x08003922   0x08003922   0x00000002   PAD
    0x08003924   0x08003924   0x00000012   Code   RO          619    .text.LL_TIM_SetTriggerOutput2  tim.o
    0x08003936   0x08003936   0x00000002   PAD
    0x08003938   0x08003938   0x00000264   Code   RO          316    .text.MX_ADC1_Init  adc.o
    0x08003b9c   0x08003b9c   0x000001e0   Code   RO          350    .text.MX_ADC2_Init  adc.o
    0x08003d7c   0x08003d7c   0x00000008   Code   RO          360    .text.MX_CORDIC_Init  cordic.o
    0x08003d84   0x08003d84   0x00000076   Code   RO          371    .text.MX_DAC1_Init  dac.o
    0x08003dfa   0x08003dfa   0x00000002   PAD
    0x08003dfc   0x08003dfc   0x00000040   Code   RO          391    .text.MX_DMA_Init   dma.o
    0x08003e3c   0x08003e3c   0x0000004c   Code   RO          403    .text.MX_FDCAN3_Init  fdcan.o
    0x08003e88   0x08003e88   0x0000016a   Code   RO          287    .text.MX_GPIO_Init  gpio.o
    0x08003ff2   0x08003ff2   0x00000002   PAD
    0x08003ff4   0x08003ff4   0x00000618   Code   RO          424    .text.MX_HRTIM1_Init  hrtim.o
    0x0800460c   0x0800460c   0x000000c8   Code   RO          542    .text.MX_I2C1_Init  i2c.o
    0x080046d4   0x080046d4   0x000000c2   Code   RO          560    .text.MX_I2C3_Init  i2c.o
    0x08004796   0x08004796   0x00000002   PAD
    0x08004798   0x08004798   0x0000004c   Code   RO          570    .text.MX_SPI3_Init  spi.o
    0x080047e4   0x080047e4   0x0000010c   Code   RO          591    .text.MX_TIM8_Init  tim.o
    0x080048f0   0x080048f0   0x00000082   Code   RO          631    .text.MX_USART1_UART_Init  usart.o
    0x08004972   0x08004972   0x00000002   PAD
    0x08004974   0x08004974   0x00000082   Code   RO          633    .text.MX_USART3_UART_Init  usart.o
    0x080049f6   0x080049f6   0x00000002   PAD
    0x080049f8   0x080049f8   0x00000002   Code   RO          664    .text.MemManage_Handler  stm32g4xx_it.o
    0x080049fa   0x080049fa   0x00000002   PAD
    0x080049fc   0x080049fc   0x00000002   Code   RO          660    .text.NMI_Handler   stm32g4xx_it.o
    0x080049fe   0x080049fe   0x00000002   PAD
    0x08004a00   0x08004a00   0x00000004   Code   RO          324    .text.NVIC_EncodePriority  adc.o
    0x08004a04   0x08004a04   0x0000002c   Code   RO         1490    .text.NVIC_EncodePriority  stm32g4xx_hal_cortex.o
    0x08004a30   0x08004a30   0x00000096   Code   RO         1930    .text.OC1Config     stm32g4xx_ll_tim.o
    0x08004ac6   0x08004ac6   0x00000002   PAD
    0x08004ac8   0x08004ac8   0x0000009c   Code   RO         1932    .text.OC2Config     stm32g4xx_ll_tim.o
    0x08004b64   0x08004b64   0x0000009c   Code   RO         1934    .text.OC3Config     stm32g4xx_ll_tim.o
    0x08004c00   0x08004c00   0x0000009c   Code   RO         1936    .text.OC4Config     stm32g4xx_ll_tim.o
    0x08004c9c   0x08004c9c   0x00000076   Code   RO         1938    .text.OC5Config     stm32g4xx_ll_tim.o
    0x08004d12   0x08004d12   0x00000002   PAD
    0x08004d14   0x08004d14   0x00000078   Code   RO         1940    .text.OC6Config     stm32g4xx_ll_tim.o
    0x08004d8c   0x08004d8c   0x000000b4   Code   RO          183    .text.PI_Calc       pi.o
    0x08004e40   0x08004e40   0x00000064   Code   RO          179    .text.PI_Initialize  pi.o
    0x08004ea4   0x08004ea4   0x00000002   Code   RO          674    .text.PendSV_Handler  stm32g4xx_it.o
    0x08004ea6   0x08004ea6   0x00000002   PAD
    0x08004ea8   0x08004ea8   0x00000002   Code   RO          670    .text.SVC_Handler   stm32g4xx_it.o
    0x08004eaa   0x08004eaa   0x00000002   PAD
    0x08004eac   0x08004eac   0x000001f0   Code   RO           70    .text.SVW_Sector    mc_lib.o
    0x0800509c   0x0800509c   0x0000002e   Code   RO         1506    .text.SysTick_Config  stm32g4xx_hal_cortex.o
    0x080050ca   0x080050ca   0x00000002   PAD
    0x080050cc   0x080050cc   0x00000020   Code   RO          676    .text.SysTick_Handler  stm32g4xx_it.o
    0x080050ec   0x080050ec   0x0000008c   Code   RO          212    .text.SystemClock_Config  main.o
    0x08005178   0x08005178   0x00000012   Code   RO         2182    .text.SystemInit    system_stm32g4xx.o
    0x0800518a   0x0800518a   0x00000002   PAD
    0x0800518c   0x0800518c   0x00000054   Code   RO         2157    .text.UARTEx_SetNbDataToProcess  stm32g4xx_hal_uart_ex.o
    0x080051e0   0x080051e0   0x000000e6   Code   RO         1992    .text.UART_AdvFeatureConfig  stm32g4xx_hal_uart.o
    0x080052c6   0x080052c6   0x00000002   PAD
    0x080052c8   0x080052c8   0x000000c0   Code   RO         1996    .text.UART_CheckIdleState  stm32g4xx_hal_uart.o
    0x08005388   0x08005388   0x00000014   Code   RO         2078    .text.UART_DMAAbortOnError  stm32g4xx_hal_uart.o
    0x0800539c   0x0800539c   0x00000054   Code   RO         2034    .text.UART_DMAError  stm32g4xx_hal_uart.o
    0x080053f0   0x080053f0   0x0000008a   Code   RO         2124    .text.UART_DMAReceiveCplt  stm32g4xx_hal_uart.o
    0x0800547a   0x0800547a   0x00000002   PAD
    0x0800547c   0x0800547c   0x00000020   Code   RO         2126    .text.UART_DMARxHalfCplt  stm32g4xx_hal_uart.o
    0x0800549c   0x0800549c   0x00000044   Code   RO         2030    .text.UART_DMATransmitCplt  stm32g4xx_hal_uart.o
    0x080054e0   0x080054e0   0x0000000a   Code   RO         2032    .text.UART_DMATxHalfCplt  stm32g4xx_hal_uart.o
    0x080054ea   0x080054ea   0x00000002   PAD
    0x080054ec   0x080054ec   0x0000005a   Code   RO         2048    .text.UART_EndRxTransfer  stm32g4xx_hal_uart.o
    0x08005546   0x08005546   0x00000002   PAD
    0x08005548   0x08005548   0x00000028   Code   RO         2084    .text.UART_EndTransmit_IT  stm32g4xx_hal_uart.o
    0x08005570   0x08005570   0x00000030   Code   RO         2046    .text.UART_EndTxTransfer  stm32g4xx_hal_uart.o
    0x080055a0   0x080055a0   0x000002dc   Code   RO         1994    .text.UART_SetConfig  stm32g4xx_hal_uart.o
    0x0800587c   0x0800587c   0x000000a4   Code   RO         2038    .text.UART_Start_Receive_DMA  stm32g4xx_hal_uart.o
    0x08005920   0x08005920   0x000000c2   Code   RO         2010    .text.UART_WaitOnFlagUntilTimeout  stm32g4xx_hal_uart.o
    0x080059e2   0x080059e2   0x00000002   PAD
    0x080059e4   0x080059e4   0x00000010   Code   RO          698    .text.USART1_IRQHandler  stm32g4xx_it.o
    0x080059f4   0x080059f4   0x0000003a   Code   RO          700    .text.USART3_IRQHandler  stm32g4xx_it.o
    0x08005a2e   0x08005a2e   0x00000002   PAD
    0x08005a30   0x08005a30   0x00000002   Code   RO          668    .text.UsageFault_Handler  stm32g4xx_it.o
    0x08005a32   0x08005a32   0x00000002   PAD
    0x08005a34   0x08005a34   0x00000010   Code   RO          328    .text.__NVIC_EnableIRQ  adc.o
    0x08005a44   0x08005a44   0x00000020   Code   RO         1494    .text.__NVIC_EnableIRQ  stm32g4xx_hal_cortex.o
    0x08005a64   0x08005a64   0x00000010   Code   RO          326    .text.__NVIC_GetPriorityGrouping  adc.o
    0x08005a74   0x08005a74   0x00000010   Code   RO         1486    .text.__NVIC_GetPriorityGrouping  stm32g4xx_hal_cortex.o
    0x08005a84   0x08005a84   0x0000000e   Code   RO          322    .text.__NVIC_SetPriority  adc.o
    0x08005a92   0x08005a92   0x00000002   PAD
    0x08005a94   0x08005a94   0x00000022   Code   RO         1488    .text.__NVIC_SetPriority  stm32g4xx_hal_cortex.o
    0x08005ab6   0x08005ab6   0x00000002   PAD
    0x08005ab8   0x08005ab8   0x00000020   Code   RO         1482    .text.__NVIC_SetPriorityGrouping  stm32g4xx_hal_cortex.o
    0x08005ad8   0x08005ad8   0x0000002c   Code   RO           58    .text.clarkeTrasform  mc_lib.o
    0x08005b04   0x08005b04   0x000000ec   Code   RO          149    .text.complexVectorDecouple  foc.o
    0x08005bf0   0x08005bf0   0x000000a0   Code   RO          102    .text.cordic_sincos_calc  cordic_calc.o
    0x08005c90   0x08005c90   0x000000a0   Code   RO          196    .text.decoder       encoder.o
    0x08005d30   0x08005d30   0x000000e8   Code   RO          133    .text.getPhaseCurrent  bsp_adc.o
    0x08005e18   0x08005e18   0x00000032   Code   RO           64    .text.invParkTransform  mc_lib.o
    0x08005e4a   0x08005e4a   0x00000002   PAD
    0x08005e4c   0x08005e4c   0x00000026   Code   RO          120    .text.low_pass_filter  cordic_calc.o
    0x08005e72   0x08005e72   0x00000002   PAD
    0x08005e74   0x08005e74   0x000000e6   Code   RO          210    .text.main          main.o
    0x08005f5a   0x08005f5a   0x00000002   PAD
    0x08005f5c   0x08005f5c   0x00000052   Code   RO          641    .text.myprintf      usart.o
    0x08005fae   0x08005fae   0x00000002   PAD
    0x08005fb0   0x08005fb0   0x00000032   Code   RO           60    .text.parkTrasform  mc_lib.o
    0x08005fe2   0x08005fe2   0x00000002   PAD
    0x08005fe4   0x08005fe4   0x0000001c   Code   RO          198    .text.sendEncoderCmd  encoder.o
    0x08006000   0x08006000   0x0000001a   Code   RO          151    .text.speedLoop     foc.o
    0x0800601a   0x0800601a   0x00000002   PAD
    0x0800601c   0x0800601c   0x000000e0   Code   RO           92    .text.upLoad        upload.o
    0x080060fc   0x080060fc   0x00000034   Code   RO         2227    i.__0vsnprintf      mc_w.l(printfa.o)
    0x08006130   0x08006130   0x00000070   Code   RO         2196    i.__hardfp_floorf   m_wm.l(floorf.o)
    0x080061a0   0x080061a0   0x000000b0   Code   RO         2202    i.__hardfp_fmodf    m_wm.l(fmodf.o)
    0x08006250   0x08006250   0x0000003a   Code   RO         2208    i.__hardfp_sqrtf    m_wm.l(sqrtf.o)
    0x0800628a   0x0800628a   0x00000002   PAD
    0x0800628c   0x0800628c   0x00000010   Code   RO         2252    i.__mathlib_flt_invalid  m_wm.l(funder.o)
    0x0800629c   0x0800629c   0x0000000e   Code   RO         2329    i.__scatterload_copy  mc_w.l(handlers.o)
    0x080062aa   0x080062aa   0x00000002   Code   RO         2330    i.__scatterload_null  mc_w.l(handlers.o)
    0x080062ac   0x080062ac   0x0000000e   Code   RO         2331    i.__scatterload_zeroinit  mc_w.l(handlers.o)
    0x080062ba   0x080062ba   0x00000002   PAD
    0x080062bc   0x080062bc   0x0000000c   Code   RO         2299    i.__set_errno       mc_w.l(errno.o)
    0x080062c8   0x080062c8   0x00000184   Code   RO         2229    i._fp_digits        mc_w.l(printfa.o)
    0x0800644c   0x0800644c   0x000006dc   Code   RO         2230    i._printf_core      mc_w.l(printfa.o)
    0x08006b28   0x08006b28   0x00000024   Code   RO         2231    i._printf_post_padding  mc_w.l(printfa.o)
    0x08006b4c   0x08006b4c   0x0000002e   Code   RO         2232    i._printf_pre_padding  mc_w.l(printfa.o)
    0x08006b7a   0x08006b7a   0x00000016   Code   RO         2233    i._snputc           mc_w.l(printfa.o)
    0x08006b90   0x08006b90   0x00000008   Data   RO         2188    .rodata.APBPrescTable  system_stm32g4xx.o
    0x08006b98   0x08006b98   0x0000000a   Data   RO          528    .rodata.REG_OFFSET_TAB_EECR  hrtim.o
    0x08006ba2   0x08006ba2   0x00000018   Data   RO          531    .rodata.REG_OFFSET_TAB_OUTxR  hrtim.o
    0x08006bba   0x08006bba   0x00000018   Data   RO          533    .rodata.REG_OFFSET_TAB_SETxR  hrtim.o
    0x08006bd2   0x08006bd2   0x0000000e   Data   RO           49    .rodata.REG_OFFSET_TAB_TIMER  hft.o
    0x08006be0   0x08006be0   0x0000000e   Data   RO          276    .rodata.REG_OFFSET_TAB_TIMER  main.o
    0x08006bee   0x08006bee   0x0000000e   Data   RO          530    .rodata.REG_OFFSET_TAB_TIMER  hrtim.o
    0x08006bfc   0x08006bfc   0x0000000a   Data   RO          529    .rodata.REG_SHIFT_TAB_EExSRC  hrtim.o
    0x08006c06   0x08006c06   0x0000000c   Data   RO          532    .rodata.REG_SHIFT_TAB_OUTxR  hrtim.o
    0x08006c12   0x08006c12   0x00000018   Data   RO         2128    .rodata.UARTPrescTable  stm32g4xx_hal_uart.o
    0x08006c2a   0x08006c2a   0x00000010   Data   RO         2173    .rodata.cst8        stm32g4xx_hal_uart_ex.o
    0x08006c3a   0x08006c3a   0x00000002   PAD
    0x08006c3c   0x08006c3c   0x00000020   Data   RO         2328    Region$$Table       anon$$obj.o


    Execution Region RW_IRAM1 (Exec base: 0x20000000, Load base: 0x08006c60, Size: 0x00000af8, Max: 0x00020000, ABSOLUTE)

    Exec Addr    Load Addr    Size         Type   Attr      Idx    E Section Name        Object

    0x20000000   0x08006c60   0x00000004   Data   RW         2300    .data               mc_w.l(errno.o)
    0x20000004   0x08006c64   0x00000004   Data   RW          268    .data.Run_Flag      main.o
    0x20000008   0x08006c68   0x00000004   Data   RW         2186    .data.SystemCoreClock  system_stm32g4xx.o
    0x2000000c   0x08006c6c   0x00000001   Data   RW          200    .data.cmd           encoder.o
    0x2000000d   0x08006c6d   0x00000003   PAD
    0x20000010   0x08006c70   0x00000004   Data   RW           45    .data.offsetFlag    hft.o
    0x20000014   0x08006c74   0x00000034   Data   RW           95    .data.tempData      upload.o
    0x20000048   0x08006ca8   0x00000001   Data   RW          645    .data.usart_dma_tx_over  usart.o
    0x20000049   0x08006ca9   0x00000003   PAD
    0x2000004c   0x08006cac   0x00000004   Data   RW         1053    .data.uwTickFreq    stm32g4xx_hal.o
    0x20000050   0x08006cb0   0x00000004   Data   RW         1052    .data.uwTickPrio    stm32g4xx_hal.o
    0x20000054   0x08006cb4   0x00000004   PAD
    0x20000058        -       0x00000004   Zero   RW          703    .bss.ADC_IT_Cnt     stm32g4xx_it.o
    0x2000005c        -       0x00000028   Zero   RW          185    .bss.D_Controller   pi.o
    0x20000084        -       0x0000001c   Zero   RW           73    .bss.FOC_handler    mc_lib.o
    0x200000a0        -       0x00000008   Zero   RW          171    .bss.IF_input_Handler  if_statemachine.o
    0x200000a8        -       0x0000000c   Zero   RW          170    .bss.IF_output_Handler  if_statemachine.o
    0x200000b4        -       0x00000028   Zero   RW          186    .bss.Q_Controller   pi.o
    0x200000dc        -       0x0000000c   Zero   RW           80    .bss.SC_handler     mc_lib.o
    0x200000e8        -       0x00000034   Zero   RW           72    .bss.SVM_handler    mc_lib.o
    0x2000011c        -       0x00000028   Zero   RW          187    .bss.Speed_Controller  pi.o
    0x20000144        -       0x0000002c   Zero   RW          138    .bss.adcConvData_Handler  bsp_adc.o
    0x20000170        -       0x00000060   Zero   RW          137    .bss.adcRawData_Handler  bsp_adc.o
    0x200001d0        -       0x00000004   Zero   RW          154    .bss.complexVectorDecouple.integrator1  foc.o
    0x200001d4        -       0x00000004   Zero   RW          155    .bss.complexVectorDecouple.integrator2  foc.o
    0x200001d8        -       0x0000000c   Zero   RW          156    .bss.complex_Handler  foc.o
    0x200001e4        -       0x000000e4   Zero   RW          201    .bss.encoder_Handler  encoder.o
    0x200002c8        -       0x00000060   Zero   RW          648    .bss.hdma_usart1_rx  usart.o
    0x20000328        -       0x00000060   Zero   RW          649    .bss.hdma_usart1_tx  usart.o
    0x20000388        -       0x00000060   Zero   RW          650    .bss.hdma_usart3_rx  usart.o
    0x200003e8        -       0x00000064   Zero   RW          411    .bss.hfdcan3        fdcan.o
    0x2000044c        -       0x00000064   Zero   RW          576    .bss.hspi3          spi.o
    0x200004b0        -       0x00000094   Zero   RW          646    .bss.huart1         usart.o
    0x20000544        -       0x00000094   Zero   RW          647    .bss.huart3         usart.o
    0x200005d8        -       0x0000000c   Zero   RW           78    .bss.iABC_handler   mc_lib.o
    0x200005e4        -       0x00000008   Zero   RW           75    .bss.iDQ_handler    mc_lib.o
    0x200005ec        -       0x00000008   Zero   RW           74    .bss.ialphaBeta_handler  mc_lib.o
    0x200005f4        -       0x00000002   Zero   RW           46    .bss.lft_Flag       hft.o
    0x200005f6   0x08006cb4   0x00000002   PAD
    0x200005f8        -       0x00000004   Zero   RW          122    .bss.low_pass_filter.prev_input  cordic_calc.o
    0x200005fc        -       0x00000032   Zero   RW          651    .bss.myprintf.SendBuff  usart.o
    0x2000062e   0x08006cb4   0x00000002   PAD
    0x20000630        -       0x0000000c   Zero   RW           48    .bss.regCOMPARE     hft.o
    0x2000063c        -       0x00000032   Zero   RW           27    .bss.rxBuffer_uart1  serial.o
    0x2000066e        -       0x00000014   Zero   RW           28    .bss.rxBuffer_uart3  serial.o
    0x20000682   0x08006cb4   0x00000002   PAD
    0x20000684        -       0x0000000c   Zero   RW          157    .bss.speedLoop_Handler  foc.o
    0x20000690        -       0x00000004   Zero   RW          153    .bss.speedRef       foc.o
    0x20000694        -       0x00000018   Zero   RW          169    .bss.state_Handler  if_statemachine.o
    0x200006ac        -       0x00000030   Zero   RW           94    .bss.temp           upload.o
    0x200006dc        -       0x00000004   Zero   RW          168    .bss.thetaIntegrator  if_statemachine.o
    0x200006e0        -       0x00000004   Zero   RW          704    .bss.tickCnt        stm32g4xx_it.o
    0x200006e4        -       0x00000008   Zero   RW           77    .bss.uDQ_handler    mc_lib.o
    0x200006ec        -       0x00000008   Zero   RW           76    .bss.ualphaBeta_handler  mc_lib.o
    0x200006f4        -       0x00000004   Zero   RW         1054    .bss.uwTick         stm32g4xx_hal.o
    0x200006f8        -       0x00000400   Zero   RW            1    STACK               startup_stm32g474xx.o


==============================================================================

Image component sizes


      Code (inc. data)   RO Data    RW Data    ZI Data      Debug   Object Name

      1676          0          0          0          0      11640   adc.o
       442         12          0          0        140       3983   bsp_adc.o
        40          0          0          0          0       1763   cordic.o
       306          8          0          0          4       3447   cordic_calc.o
       220          0          0          0          0       3732   dac.o
        92          0          0          0          0       4125   dma.o
       188         12          0          1        228       1452   encoder.o
       212          0          0          0        100       5012   fdcan.o
       262         16          0          0         36       2163   foc.o
       362          0          0          0          0       4771   gpio.o
       336         52          0          0          0       3362   gpio_ex.o
       628          4         14          4         14       4314   hft.o
      4034        236         94          0          0      20200   hrtim.o
       538          0          0          0          0       4123   i2c.o
       416         24          0          0         48       2523   if_statemachine.o
       756          0         14          4          0      10883   main.o
       640         30          0          0        136       5930   mc_lib.o
       280          8          0          0        120       1284   pi.o
         2          0          0          0         70       4054   serial.o
       190          0          0          0        100       5514   spi.o
        36          8        472          0       1024        832   startup_stm32g474xx.o
       154          0          0          8          4       9576   stm32g4xx_hal.o
       258          0          0          0          0      11077   stm32g4xx_hal_cortex.o
       938          0          0          0          0       8594   stm32g4xx_hal_dma.o
       510          0          0          0          0      22260   stm32g4xx_hal_fdcan.o
       468          0          0          0          0       5309   stm32g4xx_hal_gpio.o
        56          0          0          0          0       1596   stm32g4xx_hal_msp.o
        18          0          0          0          0       9200   stm32g4xx_hal_pwr_ex.o
       210          0          0          0          0       9319   stm32g4xx_hal_rcc.o
       226          0          0          0          0      23408   stm32g4xx_hal_spi.o
      3268         62         24          0          0      33323   stm32g4xx_hal_uart.o
       378          0         16          0          0      10284   stm32g4xx_hal_uart_ex.o
       268          0          0          0          8       3795   stm32g4xx_it.o
       328          0          0          0          0       7619   stm32g4xx_ll_adc.o
       202          0          0          0          0       3946   stm32g4xx_ll_dac.o
       310          0          0          0          0       4804   stm32g4xx_ll_gpio.o
       184          0          0          0          0       4808   stm32g4xx_ll_i2c.o
      1338          0          0          0          0      13954   stm32g4xx_ll_tim.o
        12          0          0          0          0       9017   stm32g4xx_ll_utils.o
        18          0          8          4          0       2749   system_stm32g4xx.o
       586          0          0          0          0       6066   tim.o
       224          0          0         52         48        749   upload.o
       866          0          0          1        634       9780   usart.o

    ----------------------------------------------------------------------
     22800        472        676         80       2724     316340   Object Totals
         0          0         32          0          0          0   (incl. Generated)
       324          0          2          6         10          0   (incl. Padding)

    ----------------------------------------------------------------------

      Code (inc. data)   RO Data    RW Data    ZI Data      Debug   Library Member Name

       112         14          0          0          0        116   floorf.o
       176          0          0          0          0        168   fmodf.o
        16          6          0          0          0        116   funder.o
        58          0          0          0          0        136   sqrtf.o
         0          0          0          0          0          0   entry.o
         0          0          0          0          0          0   entry10a.o
         0          0          0          0          0          0   entry11a.o
         8          4          0          0          0          0   entry2.o
         4          0          0          0          0          0   entry5.o
         0          0          0          0          0          0   entry7b.o
         0          0          0          0          0          0   entry8b.o
         8          4          0          0          0          0   entry9a.o
        12          6          0          4          0         68   errno.o
        30          0          0          0          0          0   handlers.o
        36          8          0          0          0         68   init.o
         0          0          0          0          0          0   iusefp.o
        30          0          0          0          0         68   llshl.o
        36          0          0          0          0         68   llsshr.o
        32          0          0          0          0         68   llushr.o
      2300         86          0          0          0        516   printfa.o
        44          0          0          0          0         80   uidiv.o
        98          0          0          0          0         92   uldiv.o
        48          0          0          0          0         68   cdrcmple.o
       334          0          0          0          0        148   dadd.o
       222          0          0          0          0        100   ddiv.o
       186          0          0          0          0        176   depilogue.o
        48          0          0          0          0         68   dfixul.o
       228          0          0          0          0         96   dmul.o
       110          0          0          0          0        168   fepilogue.o
        82          0          0          0          0         96   frem.o

    ----------------------------------------------------------------------
      4264        128          0          4          0       2484   Library Totals
         6          0          0          0          0          0   (incl. Padding)

    ----------------------------------------------------------------------

      Code (inc. data)   RO Data    RW Data    ZI Data      Debug   Library Name

       362         20          0          0          0        536   m_wm.l
      2638        108          0          4          0       1028   mc_w.l
      1258          0          0          0          0        920   mf_w.l

    ----------------------------------------------------------------------
      4264        128          0          4          0       2484   Library Totals

    ----------------------------------------------------------------------

==============================================================================


      Code (inc. data)   RO Data    RW Data    ZI Data      Debug   

     27064        600        676         84       2724     317084   Grand Totals
     27064        600        676         84       2724     317084   ELF Image Totals
     27064        600        676         84          0          0   ROM Totals

==============================================================================

    Total RO  Size (Code + RO Data)                27740 (  27.09kB)
    Total RW  Size (RW Data + ZI Data)              2808 (   2.74kB)
    Total ROM Size (Code + RO Data + RW Data)      27824 (  27.17kB)

==============================================================================

